Archive member included to satisfy reference by file (symbol)

c:/renesas/ra/e2studio_v2022-04_fsp_v3.8.0/toolchains/gcc_arm/gcc-arm-none-eabi-10.3-2021.10/bin/../lib/gcc/arm-none-eabi/10.3.1/thumb/v8-m.main+fp/hard\libgcc.a(_aeabi_ldivmod.o)
                              ./ra/fsp/src/r_sci_uart/r_sci_uart.o (__aeabi_ldivmod)
c:/renesas/ra/e2studio_v2022-04_fsp_v3.8.0/toolchains/gcc_arm/gcc-arm-none-eabi-10.3-2021.10/bin/../lib/gcc/arm-none-eabi/10.3.1/thumb/v8-m.main+fp/hard\libgcc.a(_udivmoddi4.o)
                              c:/renesas/ra/e2studio_v2022-04_fsp_v3.8.0/toolchains/gcc_arm/gcc-arm-none-eabi-10.3-2021.10/bin/../lib/gcc/arm-none-eabi/10.3.1/thumb/v8-m.main+fp/hard\libgcc.a(_aeabi_ldivmod.o) (__udivmoddi4)
c:/renesas/ra/e2studio_v2022-04_fsp_v3.8.0/toolchains/gcc_arm/gcc-arm-none-eabi-10.3-2021.10/bin/../lib/gcc/arm-none-eabi/10.3.1/thumb/v8-m.main+fp/hard\libgcc.a(_dvmd_tls.o)
                              c:/renesas/ra/e2studio_v2022-04_fsp_v3.8.0/toolchains/gcc_arm/gcc-arm-none-eabi-10.3-2021.10/bin/../lib/gcc/arm-none-eabi/10.3.1/thumb/v8-m.main+fp/hard\libgcc.a(_aeabi_ldivmod.o) (__aeabi_ldiv0)
c:/renesas/ra/e2studio_v2022-04_fsp_v3.8.0/toolchains/gcc_arm/gcc-arm-none-eabi-10.3-2021.10/bin/../lib/gcc/arm-none-eabi/10.3.1/../../../../arm-none-eabi/lib/thumb/v8-m.main+fp/hard\libg_nano.a(lib_a-calloc.o)
                              ./selex-fdk/utils/src/sm_fifo.o (calloc)
c:/renesas/ra/e2studio_v2022-04_fsp_v3.8.0/toolchains/gcc_arm/gcc-arm-none-eabi-10.3-2021.10/bin/../lib/gcc/arm-none-eabi/10.3.1/../../../../arm-none-eabi/lib/thumb/v8-m.main+fp/hard\libg_nano.a(lib_a-errno.o)
                              ./ra/fsp/src/bsp/mcu/all/bsp_sbrk.o (__errno)
c:/renesas/ra/e2studio_v2022-04_fsp_v3.8.0/toolchains/gcc_arm/gcc-arm-none-eabi-10.3-2021.10/bin/../lib/gcc/arm-none-eabi/10.3.1/../../../../arm-none-eabi/lib/thumb/v8-m.main+fp/hard\libg_nano.a(lib_a-exit.o)
                              c:/renesas/ra/e2studio_v2022-04_fsp_v3.8.0/toolchains/gcc_arm/gcc-arm-none-eabi-10.3-2021.10/bin/../lib/gcc/arm-none-eabi/10.3.1/../../../../arm-none-eabi/lib/thumb/v8-m.main+fp/hard/rdimon-crt0.o (exit)
c:/renesas/ra/e2studio_v2022-04_fsp_v3.8.0/toolchains/gcc_arm/gcc-arm-none-eabi-10.3-2021.10/bin/../lib/gcc/arm-none-eabi/10.3.1/../../../../arm-none-eabi/lib/thumb/v8-m.main+fp/hard\libg_nano.a(lib_a-impure.o)
                              c:/renesas/ra/e2studio_v2022-04_fsp_v3.8.0/toolchains/gcc_arm/gcc-arm-none-eabi-10.3-2021.10/bin/../lib/gcc/arm-none-eabi/10.3.1/../../../../arm-none-eabi/lib/thumb/v8-m.main+fp/hard\libg_nano.a(lib_a-exit.o) (_global_impure_ptr)
c:/renesas/ra/e2studio_v2022-04_fsp_v3.8.0/toolchains/gcc_arm/gcc-arm-none-eabi-10.3-2021.10/bin/../lib/gcc/arm-none-eabi/10.3.1/../../../../arm-none-eabi/lib/thumb/v8-m.main+fp/hard\libg_nano.a(lib_a-init.o)
                              c:/renesas/ra/e2studio_v2022-04_fsp_v3.8.0/toolchains/gcc_arm/gcc-arm-none-eabi-10.3-2021.10/bin/../lib/gcc/arm-none-eabi/10.3.1/../../../../arm-none-eabi/lib/thumb/v8-m.main+fp/hard/rdimon-crt0.o (__libc_init_array)
c:/renesas/ra/e2studio_v2022-04_fsp_v3.8.0/toolchains/gcc_arm/gcc-arm-none-eabi-10.3-2021.10/bin/../lib/gcc/arm-none-eabi/10.3.1/../../../../arm-none-eabi/lib/thumb/v8-m.main+fp/hard\libg_nano.a(lib_a-malloc.o)
                              ./selex-fdk/utils/src/sm_fifo.o (malloc)
c:/renesas/ra/e2studio_v2022-04_fsp_v3.8.0/toolchains/gcc_arm/gcc-arm-none-eabi-10.3-2021.10/bin/../lib/gcc/arm-none-eabi/10.3.1/../../../../arm-none-eabi/lib/thumb/v8-m.main+fp/hard\libg_nano.a(lib_a-memcmp.o)
                              ./selex-fdk/utils/src/sm_link_list.o (memcmp)
c:/renesas/ra/e2studio_v2022-04_fsp_v3.8.0/toolchains/gcc_arm/gcc-arm-none-eabi-10.3-2021.10/bin/../lib/gcc/arm-none-eabi/10.3.1/../../../../arm-none-eabi/lib/thumb/v8-m.main+fp/hard\libg_nano.a(lib_a-memcpy-stub.o)
                              ./selex-fdk/utils/src/sm_fifo.o (memcpy)
c:/renesas/ra/e2studio_v2022-04_fsp_v3.8.0/toolchains/gcc_arm/gcc-arm-none-eabi-10.3-2021.10/bin/../lib/gcc/arm-none-eabi/10.3.1/../../../../arm-none-eabi/lib/thumb/v8-m.main+fp/hard\libg_nano.a(lib_a-memset.o)
                              c:/renesas/ra/e2studio_v2022-04_fsp_v3.8.0/toolchains/gcc_arm/gcc-arm-none-eabi-10.3-2021.10/bin/../lib/gcc/arm-none-eabi/10.3.1/../../../../arm-none-eabi/lib/thumb/v8-m.main+fp/hard/rdimon-crt0.o (memset)
c:/renesas/ra/e2studio_v2022-04_fsp_v3.8.0/toolchains/gcc_arm/gcc-arm-none-eabi-10.3-2021.10/bin/../lib/gcc/arm-none-eabi/10.3.1/../../../../arm-none-eabi/lib/thumb/v8-m.main+fp/hard\libg_nano.a(lib_a-nano-callocr.o)
                              c:/renesas/ra/e2studio_v2022-04_fsp_v3.8.0/toolchains/gcc_arm/gcc-arm-none-eabi-10.3-2021.10/bin/../lib/gcc/arm-none-eabi/10.3.1/../../../../arm-none-eabi/lib/thumb/v8-m.main+fp/hard\libg_nano.a(lib_a-calloc.o) (_calloc_r)
[...]
Memory Configuration

Name             Origin             Length             Attributes
FLASH            0x00000000         0x00040000         xr
RAM              0x20000000         0x00020000         xrw
DATA_FLASH       0x08000000         0x00002000         xr
QSPI_FLASH       0x60000000         0x04000000         xr
OSPI_DEVICE_0    0x68000000         0x00000000         xr
OSPI_DEVICE_1    0x70000000         0x00000000         xr
OSPI_DEVICE_0_RAM 0x68000000         0x00000000         xrw
OSPI_DEVICE_1_RAM 0x70000000         0x00000000         xrw
SDRAM            0x90000000         0x00000000         xrw
OPTION_SETTING   0x0100a100         0x00000100         r
OPTION_SETTING_S 0x0100a200         0x00000100         r
ID_CODE          0x00000000         0x00000000         xr
*default*        0x00000000         0xffffffff

Linker script and memory map

LOAD c:/renesas/ra/e2studio_v2022-04_fsp_v3.8.0/toolchains/gcc_arm/gcc-arm-none-eabi-10.3-2021.10/bin/../lib/gcc/arm-none-eabi/10.3.1/thumb/v8-m.main+fp/hard/crti.o
LOAD c:/renesas/ra/e2studio_v2022-04_fsp_v3.8.0/toolchains/gcc_arm/gcc-arm-none-eabi-10.3-2021.10/bin/../lib/gcc/arm-none-eabi/10.3.1/thumb/v8-m.main+fp/hard/crtbegin.o
LOAD c:/renesas/ra/e2studio_v2022-04_fsp_v3.8.0/toolchains/gcc_arm/gcc-arm-none-eabi-10.3-2021.10/bin/../lib/gcc/arm-none-eabi/10.3.1/../../../../arm-none-eabi/lib/thumb/v8-m.main+fp/hard/rdimon-crt0.o
START GROUP
LOAD ./src/porting/src/renesas/sm_adc.o
LOAD ./src/porting/src/renesas/sm_can.o
LOAD ./src/porting/src/renesas/sm_delay.o
LOAD ./src/porting/src/renesas/sm_flash.o
LOAD ./src/porting/src/renesas/sm_gpio.o
LOAD ./src/porting/src/renesas/sm_iwdg.o
LOAD ./src/porting/src/renesas/sm_timer.o
LOAD ./src/porting/src/renesas/sm_uart.o
LOAD ./src/hal_entry.o
LOAD ./selex-fdk/utils/src/sm_fifo.o
LOAD ./selex-fdk/utils/src/sm_link_list.o
LOAD ./selex-fdk/utils/src/sm_logger.o
LOAD ./selex-fdk/utils/src/sm_map.o
LOAD ./selex-fdk/utils/src/sm_math.o
LOAD ./selex-fdk/utils/src/sm_stack.o
LOAD ./selex-fdk/sm_hal/src/sm_hal_adc.o
LOAD ./selex-fdk/sm_hal/src/sm_hal_can.o
LOAD ./selex-fdk/sm_hal/src/sm_hal_delay.o
LOAD ./selex-fdk/sm_hal/src/sm_hal_flash.o
LOAD ./selex-fdk/sm_hal/src/sm_hal_io.o
LOAD ./selex-fdk/sm_hal/src/sm_hal_iwdg.o
LOAD ./selex-fdk/sm_hal/src/sm_hal_system.o
LOAD ./selex-fdk/sm_hal/src/sm_hal_timer.o
LOAD ./selex-fdk/sm_hal/src/sm_hal_uart.o
LOAD ./selex-fdk/bsp/src/sm_bsp_adc.o
LOAD ./selex-fdk/bsp/src/sm_bsp_can.o
LOAD ./selex-fdk/bsp/src/sm_bsp_delay.o
LOAD ./selex-fdk/bsp/src/sm_bsp_io.o
LOAD ./selex-fdk/bsp/src/sm_bsp_iwdg.o
LOAD ./selex-fdk/bsp/src/sm_bsp_system.o
LOAD ./selex-fdk/bsp/src/sm_bsp_timer.o
LOAD ./selex-fdk/bsp/src/sm_bsp_uart.o
LOAD ./ra_gen/common_data.o
LOAD ./ra_gen/hal_data.o
LOAD ./ra_gen/main.o
LOAD ./ra_gen/pin_data.o
LOAD ./ra_gen/vector_data.o
LOAD ./ra/fsp/src/r_sci_uart/r_sci_uart.o
LOAD ./ra/fsp/src/r_iwdt/r_iwdt.o
LOAD ./ra/fsp/src/r_ioport/r_ioport.o
LOAD ./ra/fsp/src/r_flash_hp/r_flash_hp.o
LOAD ./ra/fsp/src/r_can/r_can.o
LOAD ./ra/fsp/src/r_agt/r_agt.o
LOAD ./ra/fsp/src/r_adc/r_adc.o
LOAD ./ra/fsp/src/bsp/mcu/all/bsp_clocks.o
LOAD ./ra/fsp/src/bsp/mcu/all/bsp_common.o
LOAD ./ra/fsp/src/bsp/mcu/all/bsp_delay.o
LOAD ./ra/fsp/src/bsp/mcu/all/bsp_group_irq.o
LOAD ./ra/fsp/src/bsp/mcu/all/bsp_guard.o
LOAD ./ra/fsp/src/bsp/mcu/all/bsp_io.o
LOAD ./ra/fsp/src/bsp/mcu/all/bsp_irq.o
LOAD ./ra/fsp/src/bsp/mcu/all/bsp_register_protection.o
LOAD ./ra/fsp/src/bsp/mcu/all/bsp_rom_registers.o
LOAD ./ra/fsp/src/bsp/mcu/all/bsp_sbrk.o
LOAD ./ra/fsp/src/bsp/mcu/all/bsp_security.o
LOAD ./ra/fsp/src/bsp/cmsis/Device/RENESAS/Source/startup.o
LOAD ./ra/fsp/src/bsp/cmsis/Device/RENESAS/Source/system.o
END GROUP
START GROUP
LOAD c:/renesas/ra/e2studio_v2022-04_fsp_v3.8.0/toolchains/gcc_arm/gcc-arm-none-eabi-10.3-2021.10/bin/../lib/gcc/arm-none-eabi/10.3.1/thumb/v8-m.main+fp/hard\libgcc.a
LOAD c:/renesas/ra/e2studio_v2022-04_fsp_v3.8.0/toolchains/gcc_arm/gcc-arm-none-eabi-10.3-2021.10/bin/../lib/gcc/arm-none-eabi/10.3.1/../../../../arm-none-eabi/lib/thumb/v8-m.main+fp/hard\libg_nano.a
LOAD c:/renesas/ra/e2studio_v2022-04_fsp_v3.8.0/toolchains/gcc_arm/gcc-arm-none-eabi-10.3-2021.10/bin/../lib/gcc/arm-none-eabi/10.3.1/../../../../arm-none-eabi/lib/thumb/v8-m.main+fp/hard\libc_nano.a
END GROUP
START GROUP
LOAD c:/renesas/ra/e2studio_v2022-04_fsp_v3.8.0/toolchains/gcc_arm/gcc-arm-none-eabi-10.3-2021.10/bin/../lib/gcc/arm-none-eabi/10.3.1/thumb/v8-m.main+fp/hard\libgcc.a
LOAD c:/renesas/ra/e2studio_v2022-04_fsp_v3.8.0/toolchains/gcc_arm/gcc-arm-none-eabi-10.3-2021.10/bin/../lib/gcc/arm-none-eabi/10.3.1/../../../../arm-none-eabi/lib/thumb/v8-m.main+fp/hard\libc_nano.a
LOAD c:/renesas/ra/e2studio_v2022-04_fsp_v3.8.0/toolchains/gcc_arm/gcc-arm-none-eabi-10.3-2021.10/bin/../lib/gcc/arm-none-eabi/10.3.1/../../../../arm-none-eabi/lib/thumb/v8-m.main+fp/hard\librdimon_nano.a
END GROUP
START GROUP
LOAD c:/renesas/ra/e2studio_v2022-04_fsp_v3.8.0/toolchains/gcc_arm/gcc-arm-none-eabi-10.3-2021.10/bin/../lib/gcc/arm-none-eabi/10.3.1/thumb/v8-m.main+fp/hard\libgcc.a
LOAD c:/renesas/ra/e2studio_v2022-04_fsp_v3.8.0/toolchains/gcc_arm/gcc-arm-none-eabi-10.3-2021.10/bin/../lib/gcc/arm-none-eabi/10.3.1/../../../../arm-none-eabi/lib/thumb/v8-m.main+fp/hard\libc_nano.a
LOAD c:/renesas/ra/e2studio_v2022-04_fsp_v3.8.0/toolchains/gcc_arm/gcc-arm-none-eabi-10.3-2021.10/bin/../lib/gcc/arm-none-eabi/10.3.1/../../../../arm-none-eabi/lib/thumb/v8-m.main+fp/hard\librdimon_nano.a
END GROUP
LOAD c:/renesas/ra/e2studio_v2022-04_fsp_v3.8.0/toolchains/gcc_arm/gcc-arm-none-eabi-10.3-2021.10/bin/../lib/gcc/arm-none-eabi/10.3.1/thumb/v8-m.main+fp/hard/crtend.o
LOAD c:/renesas/ra/e2studio_v2022-04_fsp_v3.8.0/toolchains/gcc_arm/gcc-arm-none-eabi-10.3-2021.10/bin/../lib/gcc/arm-none-eabi/10.3.1/thumb/v8-m.main+fp/hard/crtn.o
                0x20000000                RAM_START = 0x20000000
                0x00020000                RAM_LENGTH = 0x20000
                0x00000000                FLASH_START = 0x0
                0x00040000                FLASH_LENGTH = 0x40000
                0x08000000                DATA_FLASH_START = 0x8000000
                0x00002000                DATA_FLASH_LENGTH = 0x2000
                0x0100a100                OPTION_SETTING_START = 0x100a100
                0x00000100                OPTION_SETTING_LENGTH = 0x100
                0x0100a200                OPTION_SETTING_S_START = 0x100a200
                0x00000100                OPTION_SETTING_S_LENGTH = 0x100
                0x00000000                ID_CODE_START = 0x0
                0x00000000                ID_CODE_LENGTH = 0x0
                0x90000000                SDRAM_START = 0x90000000
                0x00000000                SDRAM_LENGTH = 0x0
                0x60000000                QSPI_FLASH_START = 0x60000000
                0x04000000                QSPI_FLASH_LENGTH = 0x4000000
                0x68000000                OSPI_DEVICE_0_START = 0x68000000
                0x00000000                OSPI_DEVICE_0_LENGTH = 0x0
                0x70000000                OSPI_DEVICE_1_START = 0x70000000
                0x00000000                OSPI_DEVICE_1_LENGTH = 0x0
                0x04000000                QSPI_FLASH_PRV_LENGTH = DEFINED (QSPI_FLASH_SIZE)?ABSOLUTE (QSPI_FLASH_SIZE):ABSOLUTE (QSPI_FLASH_LENGTH)
                0x00000000                OSPI_DEVICE_0_PRV_LENGTH = DEFINED (OSPI_DEVICE_0_SIZE)?ABSOLUTE (OSPI_DEVICE_0_SIZE):ABSOLUTE (OSPI_DEVICE_0_LENGTH)
                0x00000000                OSPI_DEVICE_1_PRV_LENGTH = DEFINED (OSPI_DEVICE_1_SIZE)?ABSOLUTE (OSPI_DEVICE_1_SIZE):ABSOLUTE (OSPI_DEVICE_1_LENGTH)
                0x00000000                __RESERVE_NS_RAM = ((! (DEFINED (PROJECT_NONSECURE)) && DEFINED (RAM_NS_BUFFER_LENGTH)) && (OPTION_SETTING_S_LENGTH != 0x0))
                0x00000000                RAM_NS_BUFFER_BLOCK_LENGTH = DEFINED (RAM_NS_BUFFER_LENGTH)?ALIGN (RAM_NS_BUFFER_LENGTH, 0x2000):0x0
                0x00000000                RAM_NS_BUFFER_LENGTH = DEFINED (RAM_NS_BUFFER_LENGTH)?RAM_NS_BUFFER_LENGTH:0x0
                0x20020000                RAM_NS_BUFFER_START = ((RAM_START + RAM_LENGTH) - RAM_NS_BUFFER_LENGTH)
                0x20020000                RAM_NS_BUFFER_BLOCK_START = ((RAM_START + RAM_LENGTH) - RAM_NS_BUFFER_BLOCK_LENGTH)
                0x0100a180                OPTION_SETTING_START_NS = 0x100a180
                0x00000001                __bl_FSP_BOOTABLE_IMAGE = 0x1
                0x00000001                __bln_FSP_BOOTABLE_IMAGE = 0x1
                0x00000001                PROJECT_SECURE_OR_FLAT = ((! (DEFINED (PROJECT_NONSECURE)) && OPTION_SETTING_LENGTH) && ! (DEFINED (FSP_BOOTABLE_IMAGE)))
                0x00000000                USE_OPTION_SETTING_NS = (DEFINED (PROJECT_NONSECURE) && ! (DEFINED (FSP_BOOTABLE_IMAGE)))
                0x00000000                __bl_FLASH_IMAGE_START = ! (DEFINED (FLASH_BOOTLOADER_LENGTH))?0x0:(FLASH_APPLICATION_IMAGE_NUMBER == 0x1)?(FLASH_BOOTLOADER_LENGTH + FLASH_BOOTLOADER_HEADER_LENGTH):(((FLASH_BOOTLOADER_LENGTH + FLASH_BOOTLOADER_SCRATCH_LENGTH) + FLASH_APPLICATION_S_LENGTH) + FLASH_BOOTLOADER_HEADER_LENGTH)
                0x00000000                __bl_FLASH_IMAGE_LENGTH = ! (DEFINED (FLASH_BOOTLOADER_LENGTH))?0x0:(FLASH_APPLICATION_S_LENGTH - FLASH_BOOTLOADER_HEADER_LENGTH)
                0x00000000                __bl_FLASH_IMAGE_END = (__bl_FLASH_IMAGE_START + __bl_FLASH_IMAGE_LENGTH)
                0x00000000                __bl_XIP_SECONDARY_FLASH_IMAGE_START = ! (DEFINED (FLASH_BOOTLOADER_LENGTH))?0x0:((FLASH_BOOTLOADER_LENGTH + FLASH_APPLICATION_S_LENGTH) + FLASH_BOOTLOADER_HEADER_LENGTH)
                0x00000000                __bl_XIP_SECONDARY_FLASH_IMAGE_END = (__bl_XIP_SECONDARY_FLASH_IMAGE_START + __bl_FLASH_IMAGE_LENGTH)
                0x00000000                __bl_FLASH_NS_START = ! (DEFINED (FLASH_BOOTLOADER_LENGTH))?0x0:(FLASH_APPLICATION_NS_LENGTH == 0x0)?__bl_FLASH_IMAGE_END:((__bl_FLASH_IMAGE_START - FLASH_BOOTLOADER_HEADER_LENGTH) + FLASH_APPLICATION_S_LENGTH)
                0x00000000                __bl_FLASH_NSC_START = ! (DEFINED (FLASH_BOOTLOADER_LENGTH))?0x0:(FLASH_APPLICATION_NS_LENGTH == 0x0)?__bl_FLASH_IMAGE_END:(__bl_FLASH_NS_START - FLASH_APPLICATION_NSC_LENGTH)
                0x00000000                __bl_RAM_NS_START = ! (DEFINED (FLASH_BOOTLOADER_LENGTH))?0x0:(FLASH_APPLICATION_NS_LENGTH == 0x0)?(RAM_START + RAM_LENGTH):((RAM_START + RAM_LENGTH) - RAM_APPLICATION_NS_LENGTH)
                0x00000000                __bl_RAM_NSC_START = ! (DEFINED (FLASH_BOOTLOADER_LENGTH))?0x0:(FLASH_APPLICATION_NS_LENGTH == 0x0)?(RAM_START + RAM_LENGTH):(__bl_RAM_NS_START - RAM_APPLICATION_NSC_LENGTH)
                0x00000000                __bl_FLASH_NS_IMAGE_START = ! (DEFINED (FLASH_BOOTLOADER_LENGTH))?0x0:(FLASH_APPLICATION_NS_LENGTH == 0x0)?__bl_FLASH_IMAGE_END:(__bl_FLASH_NS_START + FLASH_BOOTLOADER_HEADER_LENGTH_2)
                0x00000000                __bln_FLASH_IMAGE_START = __bl_FLASH_NS_IMAGE_START
                0x00000000                __bln_FLASH_IMAGE_LENGTH = ! (DEFINED (FLASH_BOOTLOADER_LENGTH))?0x0:(FLASH_APPLICATION_NS_LENGTH == 0x0)?__bl_FLASH_IMAGE_END:(FLASH_APPLICATION_NS_LENGTH - FLASH_BOOTLOADER_HEADER_LENGTH_2)
                0x00000000                XIP_SECONDARY_SLOT_IMAGE = DEFINED (XIP_SECONDARY_SLOT_IMAGE)?XIP_SECONDARY_SLOT_IMAGE:0x0
                0x00000000                FLASH_ORIGIN = ! (DEFINED (FLASH_IMAGE_START))?FLASH_START:(XIP_SECONDARY_SLOT_IMAGE == 0x1)?XIP_SECONDARY_FLASH_IMAGE_START:FLASH_IMAGE_START
                0x00040000                LIMITED_FLASH_LENGTH = DEFINED (FLASH_IMAGE_LENGTH)?FLASH_IMAGE_LENGTH:DEFINED (FLASH_BOOTLOADER_LENGTH)?FLASH_BOOTLOADER_LENGTH:FLASH_LENGTH
START GROUP
LOAD c:/renesas/ra/e2studio_v2022-04_fsp_v3.8.0/toolchains/gcc_arm/gcc-arm-none-eabi-10.3-2021.10/bin/../lib/gcc/arm-none-eabi/10.3.1/thumb/v8-m.main+fp/hard\libgcc.a
LOAD c:/renesas/ra/e2studio_v2022-04_fsp_v3.8.0/toolchains/gcc_arm/gcc-arm-none-eabi-10.3-2021.10/bin/../lib/gcc/arm-none-eabi/10.3.1/../../../../arm-none-eabi/lib/thumb/v8-m.main+fp/hard\libc.a
LOAD c:/renesas/ra/e2studio_v2022-04_fsp_v3.8.0/toolchains/gcc_arm/gcc-arm-none-eabi-10.3-2021.10/bin/../lib/gcc/arm-none-eabi/10.3.1/../../../../arm-none-eabi/lib/thumb/v8-m.main+fp/hard\libm.a
LOAD c:/renesas/ra/e2studio_v2022-04_fsp_v3.8.0/toolchains/gcc_arm/gcc-arm-none-eabi-10.3-2021.10/bin/../lib/gcc/arm-none-eabi/10.3.1/../../../../arm-none-eabi/lib/thumb/v8-m.main+fp/hard\libnosys.a
END GROUP

.text           0x00000000     0x1920
                0x00000000                __tz_FLASH_S = ABSOLUTE (FLASH_START)
                0x00000000                __ROM_Start = .
 *(.fixed_vectors*)
 .fixed_vectors
                0x00000000       0x40 ./ra/fsp/src/bsp/cmsis/Device/RENESAS/Source/startup.o
                0x00000000                __Vectors
 *(.application_vectors*)
 .application_vectors
                0x00000040      0x180 ./ra_gen/vector_data.o
                0x00000040                g_vector_table
                0x000001c0                __Vectors_End = .
                0x000001c0                . = (OPTION_SETTING_LENGTH > 0x0)?.:(__ROM_Start + 0x400)
 *(.rom_registers*)
                0x000001c0                . = (OPTION_SETTING_LENGTH > 0x0)?.:(__ROM_Start + 0x500)
                0x00000200                . = ALIGN (0x80)
 *fill*         0x000001c0       0x40 ff
 *(.mcuboot_sce9_key*)
 *(.text*)
 .text          0x00000200       0x40 c:/renesas/ra/e2studio_v2022-04_fsp_v3.8.0/toolchains/gcc_arm/gcc-arm-none-eabi-10.3-2021.10/bin/../lib/gcc/arm-none-eabi/10.3.1/thumb/v8-m.main+fp/hard/crtbegin.o
 .text.gpio_get_value
                0x00000240       0x1c ./src/porting/src/renesas/sm_gpio.o
 .text.gpio_set_value
                0x0000025c        0xc ./src/porting/src/renesas/sm_gpio.o
 .text.gpio_close
                0x00000268        0x8 ./src/porting/src/renesas/sm_gpio.o
 .text.gpio_open
                0x00000270        0xc ./src/porting/src/renesas/sm_gpio.o
 .text.hal_entry
                0x0000027c       0x48 ./src/hal_entry.o
                0x0000027c                hal_entry
 .text.R_BSP_WarmStart
                0x000002c4       0x18 ./src/hal_entry.o
                0x000002c4                R_BSP_WarmStart
 .text.sm_hal_io_init
                0x000002dc       0x18 ./selex-fdk/sm_hal/src/sm_hal_io.o
                0x000002dc                sm_hal_io_init
 .text.sm_hal_io_get_value
                0x000002f4        0x8 ./selex-fdk/sm_hal/src/sm_hal_io.o
                0x000002f4                sm_hal_io_get_value
 .text.startup.main
                0x000002fc        0xc ./ra_gen/main.o
                0x000002fc                main
 .text.r_sci_uart_call_callback
                0x00000308       0x44 ./ra/fsp/src/r_sci_uart/r_sci_uart.o
 .text.sci_uart_txi_isr
                0x0000034c       0x8c ./ra/fsp/src/r_sci_uart/r_sci_uart.o
                0x0000034c                sci_uart_txi_isr
 .text.sci_uart_rxi_isr
                0x000003d8       0x8c ./ra/fsp/src/r_sci_uart/r_sci_uart.o
                0x000003d8                sci_uart_rxi_isr
 .text.sci_uart_tei_isr
                0x00000464       0x40 ./ra/fsp/src/r_sci_uart/r_sci_uart.o
                0x00000464                sci_uart_tei_isr
 .text.sci_uart_eri_isr
                0x000004a4       0x74 ./ra/fsp/src/r_sci_uart/r_sci_uart.o
                0x000004a4                sci_uart_eri_isr
 .text.R_IOPORT_Close
                0x00000518        0xc ./ra/fsp/src/r_ioport/r_ioport.o
                0x00000518                R_IOPORT_Close
 .text.R_IOPORT_PinRead
                0x00000524       0x24 ./ra/fsp/src/r_ioport/r_ioport.o
                0x00000524                R_IOPORT_PinRead
 .text.R_IOPORT_PortRead
                0x00000548       0x14 ./ra/fsp/src/r_ioport/r_ioport.o
                0x00000548                R_IOPORT_PortRead
 .text.R_IOPORT_PortWrite
                0x0000055c       0x1c ./ra/fsp/src/r_ioport/r_ioport.o
                0x0000055c                R_IOPORT_PortWrite
 .text.R_IOPORT_PinWrite
                0x00000578       0x20 ./ra/fsp/src/r_ioport/r_ioport.o
                0x00000578                R_IOPORT_PinWrite
 .text.R_IOPORT_PortDirectionSet
                0x00000598       0x2c ./ra/fsp/src/r_ioport/r_ioport.o
                0x00000598                R_IOPORT_PortDirectionSet
 .text.R_IOPORT_PortEventInputRead
                0x000005c4       0x18 ./ra/fsp/src/r_ioport/r_ioport.o
                0x000005c4                R_IOPORT_PortEventInputRead
 .text.R_IOPORT_PinEventInputRead
                0x000005dc       0x38 ./ra/fsp/src/r_ioport/r_ioport.o
                0x000005dc                R_IOPORT_PinEventInputRead
 .text.R_IOPORT_PortEventOutputWrite
                0x00000614       0x1c ./ra/fsp/src/r_ioport/r_ioport.o
                0x00000614                R_IOPORT_PortEventOutputWrite
 .text.R_IOPORT_EthernetModeCfg
                0x00000630        0x4 ./ra/fsp/src/r_ioport/r_ioport.o
                0x00000630                R_IOPORT_EthernetModeCfg
 .text.R_IOPORT_PinEventOutputWrite
                0x00000634       0x4c ./ra/fsp/src/r_ioport/r_ioport.o
                0x00000634                R_IOPORT_PinEventOutputWrite
 .text.bsp_vbatt_init
                0x00000680       0xac ./ra/fsp/src/r_ioport/r_ioport.o
 .text.r_ioport_pins_config
                0x0000072c       0xc0 ./ra/fsp/src/r_ioport/r_ioport.o
 .text.R_IOPORT_Open
                0x000007ec       0x14 ./ra/fsp/src/r_ioport/r_ioport.o
                0x000007ec                R_IOPORT_Open
 .text.R_IOPORT_PinsCfg
                0x00000800        0xc ./ra/fsp/src/r_ioport/r_ioport.o
                0x00000800                R_IOPORT_PinsCfg
 .text.R_IOPORT_PinCfg
                0x0000080c       0xa8 ./ra/fsp/src/r_ioport/r_ioport.o
                0x0000080c                R_IOPORT_PinCfg
 .text.r_flash_hp_call_callback
                0x000008b4       0x38 ./ra/fsp/src/r_flash_hp/r_flash_hp.o
 .text.flash_hp_pe_mode_exit
                0x000008ec       0x88 ./ra/fsp/src/r_flash_hp/r_flash_hp.o
 .text.flash_hp_write_data.constprop.0
                0x00000974       0x80 ./ra/fsp/src/r_flash_hp/r_flash_hp.o
 .text.flash_hp_enter_pe_df_mode
                0x000009f4       0xbc ./ra/fsp/src/r_flash_hp/r_flash_hp.o
 .text.flash_hp_reset
                0x00000ab0      0x118 ./ra/fsp/src/r_flash_hp/r_flash_hp.o
 .text.fcu_fiferr_isr
                0x00000bc8       0x70 ./ra/fsp/src/r_flash_hp/r_flash_hp.o
                0x00000bc8                fcu_fiferr_isr
 .text.fcu_frdyi_isr
                0x00000c38       0xa0 ./ra/fsp/src/r_flash_hp/r_flash_hp.o
                0x00000c38                fcu_frdyi_isr
 .text.r_can_call_callback
                0x00000cd8       0x6c ./ra/fsp/src/r_can/r_can.o
 .text.can_error_isr
                0x00000d44       0xd4 ./ra/fsp/src/r_can/r_can.o
                0x00000d44                can_error_isr
 .text.can_rx_isr
                0x00000e18      0x11c ./ra/fsp/src/r_can/r_can.o
                0x00000e18                can_rx_isr
 .text.can_tx_isr
                0x00000f34       0xa4 ./ra/fsp/src/r_can/r_can.o
                0x00000f34                can_tx_isr
 .text.agt_int_isr
                0x00000fd8       0x88 ./ra/fsp/src/r_agt/r_agt.o
                0x00000fd8                agt_int_isr
 .text.SystemCoreClockUpdate
                0x00001060       0x28 ./ra/fsp/src/bsp/mcu/all/bsp_clocks.o
                0x00001060                SystemCoreClockUpdate
 .text.bsp_clock_init
                0x00001088      0x11c ./ra/fsp/src/bsp/mcu/all/bsp_clocks.o
                0x00001088                bsp_clock_init
 .text.bsp_init_internal
                0x000011a4        0x4 ./ra/fsp/src/bsp/mcu/all/bsp_common.o
                0x000011a4                bsp_init_internal
                0x000011a4                bsp_init
 .text.bsp_prv_software_delay_loop
                0x000011a8        0xc ./ra/fsp/src/bsp/mcu/all/bsp_delay.o
                0x000011a8                bsp_prv_software_delay_loop
 .text.R_BSP_SoftwareDelay
                0x000011b4       0x68 ./ra/fsp/src/bsp/mcu/all/bsp_delay.o
                0x000011b4                R_BSP_SoftwareDelay
 .text.NMI_Handler
                0x0000121c       0x38 ./ra/fsp/src/bsp/mcu/all/bsp_group_irq.o
                0x0000121c                NMI_Handler
 .text.bsp_irq_cfg
                0x00001254       0xa0 ./ra/fsp/src/bsp/mcu/all/bsp_irq.o
                0x00001254                bsp_irq_cfg
 .text.R_BSP_RegisterProtectEnable
                0x000012f4       0x60 ./ra/fsp/src/bsp/mcu/all/bsp_register_protection.o
                0x000012f4                R_BSP_RegisterProtectEnable
 .text.R_BSP_RegisterProtectDisable
                0x00001354       0x54 ./ra/fsp/src/bsp/mcu/all/bsp_register_protection.o
                0x00001354                R_BSP_RegisterProtectDisable
 .text._sbrk    0x000013a8       0x44 ./ra/fsp/src/bsp/mcu/all/bsp_sbrk.o
                0x000013a8                _sbrk
 .text.Default_Handler
                0x000013ec        0x4 ./ra/fsp/src/bsp/cmsis/Device/RENESAS/Source/startup.o
                0x000013ec                DebugMon_Handler
                0x000013ec                HardFault_Handler
                0x000013ec                SysTick_Handler
                0x000013ec                PendSV_Handler
                0x000013ec                UsageFault_Handler
                0x000013ec                SecureFault_Handler
                0x000013ec                Default_Handler
                0x000013ec                MemManage_Handler
                0x000013ec                SVC_Handler
                0x000013ec                BusFault_Handler
 .text.Reset_Handler
                0x000013f0        0xc ./ra/fsp/src/bsp/cmsis/Device/RENESAS/Source/startup.o
                0x000013f0                Reset_Handler
 .text.SystemInit
                0x000013fc       0xc0 ./ra/fsp/src/bsp/cmsis/Device/RENESAS/Source/system.o
                0x000013fc                SystemInit
 .text.__errno  0x000014bc        0xc c:/renesas/ra/e2studio_v2022-04_fsp_v3.8.0/toolchains/gcc_arm/gcc-arm-none-eabi-10.3-2021.10/bin/../lib/gcc/arm-none-eabi/10.3.1/../../../../arm-none-eabi/lib/thumb/v8-m.main+fp/hard\libg_nano.a(lib_a-errno.o)
                0x000014bc                __errno
 .text.malloc   0x000014c8       0x10 c:/renesas/ra/e2studio_v2022-04_fsp_v3.8.0/toolchains/gcc_arm/gcc-arm-none-eabi-10.3-2021.10/bin/../lib/gcc/arm-none-eabi/10.3.1/../../../../arm-none-eabi/lib/thumb/v8-m.main+fp/hard\libg_nano.a(lib_a-malloc.o)
                0x000014c8                malloc
 .text.memcpy   0x000014d8       0x1a c:/renesas/ra/e2studio_v2022-04_fsp_v3.8.0/toolchains/gcc_arm/gcc-arm-none-eabi-10.3-2021.10/bin/../lib/gcc/arm-none-eabi/10.3.1/../../../../arm-none-eabi/lib/thumb/v8-m.main+fp/hard\libg_nano.a(lib_a-memcpy-stub.o)
                0x000014d8                memcpy
 .text.memset   0x000014f2       0x10 c:/renesas/ra/e2studio_v2022-04_fsp_v3.8.0/toolchains/gcc_arm/gcc-arm-none-eabi-10.3-2021.10/bin/../lib/gcc/arm-none-eabi/10.3.1/../../../../arm-none-eabi/lib/thumb/v8-m.main+fp/hard\libg_nano.a(lib_a-memset.o)
                0x000014f2                memset
 *fill*         0x00001502        0x2 ff
 .text.sbrk_aligned
                0x00001504       0x40 c:/renesas/ra/e2studio_v2022-04_fsp_v3.8.0/toolchains/gcc_arm/gcc-arm-none-eabi-10.3-2021.10/bin/../lib/gcc/arm-none-eabi/10.3.1/../../../../arm-none-eabi/lib/thumb/v8-m.main+fp/hard\libg_nano.a(lib_a-nano-mallocr.o)
 .text._malloc_r
                0x00001544       0xe8 c:/renesas/ra/e2studio_v2022-04_fsp_v3.8.0/toolchains/gcc_arm/gcc-arm-none-eabi-10.3-2021.10/bin/../lib/gcc/arm-none-eabi/10.3.1/../../../../arm-none-eabi/lib/thumb/v8-m.main+fp/hard\libg_nano.a(lib_a-nano-mallocr.o)
                0x00001544                _malloc_r
 .text._sbrk_r  0x0000162c       0x20 c:/renesas/ra/e2studio_v2022-04_fsp_v3.8.0/toolchains/gcc_arm/gcc-arm-none-eabi-10.3-2021.10/bin/../lib/gcc/arm-none-eabi/10.3.1/../../../../arm-none-eabi/lib/thumb/v8-m.main+fp/hard\libg_nano.a(lib_a-sbrkr.o)
                0x0000162c                _sbrk_r
 .text.__retarget_lock_acquire_recursive
                0x0000164c        0x2 c:/renesas/ra/e2studio_v2022-04_fsp_v3.8.0/toolchains/gcc_arm/gcc-arm-none-eabi-10.3-2021.10/bin/../lib/gcc/arm-none-eabi/10.3.1/../../../../arm-none-eabi/lib/thumb/v8-m.main+fp/hard\libg_nano.a(lib_a-lock.o)
                0x0000164c                __retarget_lock_acquire_recursive
 .text.__retarget_lock_release_recursive
                0x0000164e        0x2 c:/renesas/ra/e2studio_v2022-04_fsp_v3.8.0/toolchains/gcc_arm/gcc-arm-none-eabi-10.3-2021.10/bin/../lib/gcc/arm-none-eabi/10.3.1/../../../../arm-none-eabi/lib/thumb/v8-m.main+fp/hard\libg_nano.a(lib_a-lock.o)
                0x0000164e                __retarget_lock_release_recursive
 .text.__malloc_lock
                0x00001650        0xc c:/renesas/ra/e2studio_v2022-04_fsp_v3.8.0/toolchains/gcc_arm/gcc-arm-none-eabi-10.3-2021.10/bin/../lib/gcc/arm-none-eabi/10.3.1/../../../../arm-none-eabi/lib/thumb/v8-m.main+fp/hard\libg_nano.a(lib_a-mlock.o)
                0x00001650                __malloc_lock
 .text.__malloc_unlock
                0x0000165c        0xc c:/renesas/ra/e2studio_v2022-04_fsp_v3.8.0/toolchains/gcc_arm/gcc-arm-none-eabi-10.3-2021.10/bin/../lib/gcc/arm-none-eabi/10.3.1/../../../../arm-none-eabi/lib/thumb/v8-m.main+fp/hard\libg_nano.a(lib_a-mlock.o)
                0x0000165c                __malloc_unlock
 *(.version)
 .version       0x00001668       0x50 ./ra/fsp/src/bsp/mcu/all/bsp_common.o
 *(.init)
 .init          0x000016b8        0x4 c:/renesas/ra/e2studio_v2022-04_fsp_v3.8.0/toolchains/gcc_arm/gcc-arm-none-eabi-10.3-2021.10/bin/../lib/gcc/arm-none-eabi/10.3.1/thumb/v8-m.main+fp/hard/crti.o
                0x000016b8                _init
 .init          0x000016bc        0x8 c:/renesas/ra/e2studio_v2022-04_fsp_v3.8.0/toolchains/gcc_arm/gcc-arm-none-eabi-10.3-2021.10/bin/../lib/gcc/arm-none-eabi/10.3.1/thumb/v8-m.main+fp/hard/crtn.o
 *(.fini)
 .fini          0x000016c4        0x4 c:/renesas/ra/e2studio_v2022-04_fsp_v3.8.0/toolchains/gcc_arm/gcc-arm-none-eabi-10.3-2021.10/bin/../lib/gcc/arm-none-eabi/10.3.1/thumb/v8-m.main+fp/hard/crti.o
                0x000016c4                _fini
 .fini          0x000016c8        0x8 c:/renesas/ra/e2studio_v2022-04_fsp_v3.8.0/toolchains/gcc_arm/gcc-arm-none-eabi-10.3-2021.10/bin/../lib/gcc/arm-none-eabi/10.3.1/thumb/v8-m.main+fp/hard/crtn.o
 *crtbegin.o(.ctors)
 *crtbegin?.o(.ctors)
 *(EXCLUDE_FILE(*crtend.o *crtend?.o) .ctors)
 *(SORT_BY_NAME(.ctors.*))
 *(.ctors)
 *crtbegin.o(.dtors)
 *crtbegin?.o(.dtors)
 *(EXCLUDE_FILE(*crtend.o *crtend?.o) .dtors)
 *(SORT_BY_NAME(.dtors.*))
 *(.dtors)
 *(.rodata*)
 .rodata.g_ioport
                0x000016d0        0xc ./ra_gen/common_data.o
                0x000016d0                g_ioport
 .rodata.g_bsp_pin_cfg
                0x000016dc        0x8 ./ra_gen/pin_data.o
                0x000016dc                g_bsp_pin_cfg
 .rodata.g_bsp_pin_cfg_data
                0x000016e4       0xd8 ./ra_gen/pin_data.o
                0x000016e4                g_bsp_pin_cfg_data
 .rodata.g_interrupt_event_link_select
                0x000017bc       0xc0 ./ra_gen/vector_data.o
                0x000017bc                g_interrupt_event_link_select
 .rodata.g_ioport_on_ioport
                0x0000187c       0x38 ./ra/fsp/src/r_ioport/r_ioport.o
                0x0000187c                g_ioport_on_ioport
 .rodata.g_prcr_masks
                0x000018b4        0x8 ./ra/fsp/src/bsp/mcu/all/bsp_register_protection.o
 .rodata.__sf_fake_stderr
                0x000018bc       0x20 c:/renesas/ra/e2studio_v2022-04_fsp_v3.8.0/toolchains/gcc_arm/gcc-arm-none-eabi-10.3-2021.10/bin/../lib/gcc/arm-none-eabi/10.3.1/../../../../arm-none-eabi/lib/thumb/v8-m.main+fp/hard\libg_nano.a(lib_a-findfp.o)
                0x000018bc                __sf_fake_stderr
 .rodata.__sf_fake_stdin
                0x000018dc       0x20 c:/renesas/ra/e2studio_v2022-04_fsp_v3.8.0/toolchains/gcc_arm/gcc-arm-none-eabi-10.3-2021.10/bin/../lib/gcc/arm-none-eabi/10.3.1/../../../../arm-none-eabi/lib/thumb/v8-m.main+fp/hard\libg_nano.a(lib_a-findfp.o)
                0x000018dc                __sf_fake_stdin
 .rodata.__sf_fake_stdout
                0x000018fc       0x20 c:/renesas/ra/e2studio_v2022-04_fsp_v3.8.0/toolchains/gcc_arm/gcc-arm-none-eabi-10.3-2021.10/bin/../lib/gcc/arm-none-eabi/10.3.1/../../../../arm-none-eabi/lib/thumb/v8-m.main+fp/hard\libg_nano.a(lib_a-findfp.o)
                0x000018fc                __sf_fake_stdout
                0x0000191c                __usb_dev_descriptor_start_fs = .
 *(.usb_device_desc_fs*)
                0x0000191c                __usb_cfg_descriptor_start_fs = .
 *(.usb_config_desc_fs*)
                0x0000191c                __usb_interface_descriptor_start_fs = .
 *(.usb_interface_desc_fs*)
                0x0000191c                __usb_descriptor_end_fs = .
                0x0000191c                __usb_dev_descriptor_start_hs = .
 *(.usb_device_desc_hs*)
                0x0000191c                __usb_cfg_descriptor_start_hs = .
 *(.usb_config_desc_hs*)
                0x0000191c                __usb_interface_descriptor_start_hs = .
 *(.usb_interface_desc_hs*)
                0x0000191c                __usb_descriptor_end_hs = .
 *(.eh_frame*)
 .eh_frame      0x0000191c        0x0 c:/renesas/ra/e2studio_v2022-04_fsp_v3.8.0/toolchains/gcc_arm/gcc-arm-none-eabi-10.3-2021.10/bin/../lib/gcc/arm-none-eabi/10.3.1/thumb/v8-m.main+fp/hard/crtbegin.o
 .eh_frame      0x0000191c        0x4 c:/renesas/ra/e2studio_v2022-04_fsp_v3.8.0/toolchains/gcc_arm/gcc-arm-none-eabi-10.3-2021.10/bin/../lib/gcc/arm-none-eabi/10.3.1/thumb/v8-m.main+fp/hard/crtend.o
                0x00001920                __ROM_End = .
                0x000001c0                __Vectors_Size = (__Vectors_End - __Vectors)

.glue_7         0x00001920        0x0
 .glue_7        0x00001920        0x0 linker stubs

.glue_7t        0x00001920        0x0
 .glue_7t       0x00001920        0x0 linker stubs

.vfp11_veneer   0x00001920        0x0
 .vfp11_veneer  0x00001920        0x0 linker stubs

.v4_bx          0x00001920        0x0
 .v4_bx         0x00001920        0x0 linker stubs

.iplt           0x00001920        0x0
 .iplt          0x00001920        0x0 c:/renesas/ra/e2studio_v2022-04_fsp_v3.8.0/toolchains/gcc_arm/gcc-arm-none-eabi-10.3-2021.10/bin/../lib/gcc/arm-none-eabi/10.3.1/thumb/v8-m.main+fp/hard/crtbegin.o

.ARM.extab
 *(.ARM.extab* .gnu.linkonce.armextab.*)
                0x00001920                __exidx_start = .

.ARM.exidx
 *(.ARM.exidx* .gnu.linkonce.armexidx.*)
                0x00001920                __exidx_end = .
                0x00001920                __etext = .
                0x20000000                __tz_RAM_S = ORIGIN (RAM)

.fsp_dtc_vector_table
                0x20000000        0x0
                0x20000000                . = ORIGIN (RAM)
 *(.fsp_dtc_vector_table)

.data           0x20000000       0x7c load address 0x00001920
                0x20000000                __data_start__ = .
                0x20000000                . = ALIGN (0x4)
                0x20000000                __Code_In_RAM_Start = .
 *(.code_in_ram*)
                0x20000000                __Code_In_RAM_End = .
 *(vtable)
 *(.data.*)
 .data.io_func  0x20000000       0x10 ./src/porting/src/renesas/sm_gpio.o
                0x20000000                io_func
 .data._impure_ptr
                0x20000010        0x4 c:/renesas/ra/e2studio_v2022-04_fsp_v3.8.0/toolchains/gcc_arm/gcc-arm-none-eabi-10.3-2021.10/bin/../lib/gcc/arm-none-eabi/10.3.1/../../../../arm-none-eabi/lib/thumb/v8-m.main+fp/hard\libg_nano.a(lib_a-impure.o)
                0x20000010                _impure_ptr
 .data.impure_data
                0x20000014       0x60 c:/renesas/ra/e2studio_v2022-04_fsp_v3.8.0/toolchains/gcc_arm/gcc-arm-none-eabi-10.3-2021.10/bin/../lib/gcc/arm-none-eabi/10.3.1/../../../../arm-none-eabi/lib/thumb/v8-m.main+fp/hard\libg_nano.a(lib_a-impure.o)
 *(.data)
                0x20000074                . = ALIGN (0x4)
                0x20000074                PROVIDE (__preinit_array_start = .)
 *(.preinit_array)
                0x20000074                PROVIDE (__preinit_array_end = .)
                0x20000074                . = ALIGN (0x4)
                0x20000074                PROVIDE (__init_array_start = .)
 *(SORT_BY_NAME(.init_array.*))
 *(.init_array)
 .init_array    0x20000074        0x4 c:/renesas/ra/e2studio_v2022-04_fsp_v3.8.0/toolchains/gcc_arm/gcc-arm-none-eabi-10.3-2021.10/bin/../lib/gcc/arm-none-eabi/10.3.1/thumb/v8-m.main+fp/hard/crtbegin.o
                0x20000078                PROVIDE (__init_array_end = .)
                0x20000078                . = ALIGN (0x4)
                [!provide]                PROVIDE (__fini_array_start = .)
 *(SORT_BY_NAME(.fini_array.*))
 *(.fini_array)
 .fini_array    0x20000078        0x4 c:/renesas/ra/e2studio_v2022-04_fsp_v3.8.0/toolchains/gcc_arm/gcc-arm-none-eabi-10.3-2021.10/bin/../lib/gcc/arm-none-eabi/10.3.1/thumb/v8-m.main+fp/hard/crtbegin.o
                [!provide]                PROVIDE (__fini_array_end = .)
 *(.jcr*)
                0x2000007c                . = ALIGN (0x4)
                0x2000007c                __data_end__ = .
                0x0000199c                DATA_END = (LOADADDR (.data) + SIZEOF (.data))
                0x00001c00                SGSTUBS_LOC = (DEFINED (PROJECT_SECURE) && DEFINED (FLASH_NSC_START))?ABSOLUTE (FLASH_NSC_START):ALIGN (DATA_END, 0x400)

.igot.plt       0x2000007c        0x0 load address 0x0000199c
 .igot.plt      0x2000007c        0x0 c:/renesas/ra/e2studio_v2022-04_fsp_v3.8.0/toolchains/gcc_arm/gcc-arm-none-eabi-10.3-2021.10/bin/../lib/gcc/arm-none-eabi/10.3.1/thumb/v8-m.main+fp/hard/crtbegin.o

.gnu.sgstubs    0x00001c00        0x0
                0x00001c00                __tz_FLASH_C = DEFINED (FLASH_NSC_START)?ABSOLUTE (FLASH_NSC_START):__RESERVE_NS_RAM?ABSOLUTE ((FLASH_START + FLASH_LENGTH)):ALIGN (0x400)
                0x00001c00                _start_sg = .
 *(.gnu.sgstubs*)
                0x00001c00                . = ALIGN (0x20)
                0x00001c00                _end_sg = .
                0x00008000                __tz_FLASH_N = DEFINED (FLASH_NS_START)?ABSOLUTE (FLASH_NS_START):__RESERVE_NS_RAM?ABSOLUTE ((FLASH_START + FLASH_LENGTH)):(FLASH_LENGTH < 0x8000)?FLASH_LENGTH:ALIGN (0x8000)
                0x00008000                FLASH_NS_IMAGE_START = DEFINED (FLASH_NS_IMAGE_START)?FLASH_NS_IMAGE_START:__tz_FLASH_N
                0x60000000                __tz_QSPI_FLASH_S = ORIGIN (QSPI_FLASH)

.qspi_flash     0x60000000        0x0
                0x60000000                __qspi_flash_start__ = .
 *(.qspi_flash*)
 *(.code_in_qspi*)
                0x60000000                __qspi_flash_end__ = .
                0x00000000                __qspi_flash_code_size__ = (__qspi_flash_end__ - __qspi_flash_start__)
                0x0000199c                __qspi_flash_code_addr__ = (__etext + (__data_end__ - __data_start__))

.qspi_non_retentive
                0x60000000        0x0 load address 0x0000199c
                0x60000000                __qspi_non_retentive_start__ = .
 *(.qspi_non_retentive*)
                0x60000000                __qspi_non_retentive_end__ = .
                0x00000000                __qspi_non_retentive_size__ = (__qspi_non_retentive_end__ - __qspi_non_retentive_start__)
                0x04000000                __qspi_region_max_size__ = 0x4000000
                0x60000000                __qspi_region_start_address__ = __qspi_flash_start__
                0x64000000                __qspi_region_end_address__ = (__qspi_flash_start__ + __qspi_region_max_size__)
                0x60000000                __tz_QSPI_FLASH_N = __qspi_non_retentive_end__

.OSPI_DEVICE_0_NO_LOAD
                0x68000000        0x0
                0x68000000                . = ALIGN (0x4)
                0x68000000                __ospi_device_0_start__ = .
 *(.ospi_device_0_no_load*)
                0x68000000                . = ALIGN (0x4)
                0x68000000                __ospi_device_0_end__ = .

.OSPI_DEVICE_1_NO_LOAD
                0x70000000        0x0
                0x70000000                . = ALIGN (0x4)
                0x70000000                __ospi_device_1_start__ = .
 *(.ospi_device_1_no_load*)
                0x70000000                . = ALIGN (0x4)
                0x70000000                __ospi_device_1_end__ = .
                0x68000000                __tz_OSPI_DEVICE_0_S = ORIGIN (OSPI_DEVICE_0)

.OSPI_DEVICE_0  0x68000000        0x0
                0x68000000                __ospi_device_0_start__ = .
 *(.ospi_device_0*)
 *(.code_in_ospi_device_0*)
                0x68000000                __ospi_device_0_end__ = .
                0x00000000                __ospi_device_0_code_size__ = (__ospi_device_0_end__ - __ospi_device_0_start__)
                0x0000199c                __ospi_device_0_code_addr__ = (__etext + (__data_end__ - __data_start__))

.ospi_device_0_non_retentive
                0x68000000        0x0 load address 0x0000199c
                0x68000000                __ospi_device_0_non_retentive_start__ = .
 *(.ospi_device_0_non_retentive*)
                0x68000000                __ospi_device_0_non_retentive_end__ = .
                0x00000000                __ospi_device_0_non_retentive_size__ = (__ospi_device_0_non_retentive_end__ - __ospi_device_0_non_retentive_start__)
                0x08000000                __ospi_device_0_region_max_size__ = 0x8000000
                0x68000000                __ospi_device_0_region_start_address__ = __ospi_device_0_start__
                0x70000000                __ospi_device_0_region_end_address__ = (__ospi_device_0_start__ + __ospi_device_0_region_max_size__)
                0x68000000                __tz_OSPI_DEVICE_0_N = __ospi_device_0_non_retentive_end__
                0x70000000                __tz_OSPI_DEVICE_1_S = ORIGIN (OSPI_DEVICE_1)

.OSPI_DEVICE_1  0x70000000        0x0
                0x70000000                __ospi_device_1_start__ = .
 *(.ospi_device_1*)
 *(.code_in_ospi_device_1*)
                0x70000000                __ospi_device_1_end__ = .
                0x00000000                __ospi_device_1_code_size__ = (__ospi_device_1_end__ - __ospi_device_1_start__)
                0x0000199c                __ospi_device_1_code_addr__ = (__etext + (__data_end__ - __data_start__))

.ospi_device_1_non_retentive
                0x70000000        0x0 load address 0x0000199c
                0x70000000                __ospi_device_1_non_retentive_start__ = .
 *(.ospi_device_1_non_retentive*)
                0x70000000                __ospi_device_1_non_retentive_end__ = .
                0x00000000                __ospi_device_1_non_retentive_size__ = (__ospi_device_1_non_retentive_end__ - __ospi_device_1_non_retentive_start__)
                0x10000000                __ospi_device_1_region_max_size__ = 0x10000000
                0x70000000                __ospi_device_1_region_start_address__ = __ospi_device_1_start__
                0x80000000                __ospi_device_1_region_end_address__ = (__ospi_device_1_start__ + __ospi_device_1_region_max_size__)
                0x70000000                __tz_OSPI_DEVICE_1_N = __ospi_device_1_non_retentive_end__

.noinit         0x2000007c       0x1c
                0x2000007c                . = ALIGN (0x4)
                0x2000007c                __noinit_start = .
 *(.noinit*)
 .noinit        0x2000007c       0x1c ./ra/fsp/src/bsp/mcu/all/bsp_clocks.o
                0x20000098                . = ALIGN (0x8)
 *(.heap.*)
                0x20000098                __noinit_end = .

.bss            0x20000098      0x210
                0x20000098                . = ALIGN (0x4)
                0x20000098                __bss_start__ = .
 *(.bss*)
 .bss           0x20000098       0x1c c:/renesas/ra/e2studio_v2022-04_fsp_v3.8.0/toolchains/gcc_arm/gcc-arm-none-eabi-10.3-2021.10/bin/../lib/gcc/arm-none-eabi/10.3.1/thumb/v8-m.main+fp/hard/crtbegin.o
 .bss.key_value
                0x200000b4        0x4 ./src/hal_entry.o
                0x200000b4                key_value
 .bss.time      0x200000b8        0x4 ./src/hal_entry.o
                0x200000b8                time
 .bss.g_ioport_ctrl
                0x200000bc        0x8 ./ra_gen/common_data.o
                0x200000bc                g_ioport_ctrl
 .bss.g_bsp_group_irq_sources
                0x200000c4       0x40 ./ra/fsp/src/bsp/mcu/all/bsp_group_irq.o
                0x200000c4                g_bsp_group_irq_sources
 .bss.g_protect_pfswe_counter
                0x20000104        0x4 ./ra/fsp/src/bsp/mcu/all/bsp_io.o
                0x20000104                g_protect_pfswe_counter
 .bss.gp_renesas_isr_context
                0x20000108      0x180 ./ra/fsp/src/bsp/mcu/all/bsp_irq.o
                0x20000108                gp_renesas_isr_context
 .bss.g_protect_counters
                0x20000288        0x8 ./ra/fsp/src/bsp/mcu/all/bsp_register_protection.o
                0x20000288                g_protect_counters
 .bss.current_heap_end.0
                0x20000290        0x4 ./ra/fsp/src/bsp/mcu/all/bsp_sbrk.o
 .bss.SystemCoreClock
                0x20000294        0x4 ./ra/fsp/src/bsp/cmsis/Device/RENESAS/Source/system.o
                0x20000294                SystemCoreClock
 .bss.__malloc_free_list
                0x20000298        0x4 c:/renesas/ra/e2studio_v2022-04_fsp_v3.8.0/toolchains/gcc_arm/gcc-arm-none-eabi-10.3-2021.10/bin/../lib/gcc/arm-none-eabi/10.3.1/../../../../arm-none-eabi/lib/thumb/v8-m.main+fp/hard\libg_nano.a(lib_a-nano-mallocr.o)
                0x20000298                __malloc_free_list
 .bss.__malloc_sbrk_start
                0x2000029c        0x4 c:/renesas/ra/e2studio_v2022-04_fsp_v3.8.0/toolchains/gcc_arm/gcc-arm-none-eabi-10.3-2021.10/bin/../lib/gcc/arm-none-eabi/10.3.1/../../../../arm-none-eabi/lib/thumb/v8-m.main+fp/hard\libg_nano.a(lib_a-nano-mallocr.o)
                0x2000029c                __malloc_sbrk_start
 .bss.__lock___malloc_recursive_mutex
                0x200002a0        0x1 c:/renesas/ra/e2studio_v2022-04_fsp_v3.8.0/toolchains/gcc_arm/gcc-arm-none-eabi-10.3-2021.10/bin/../lib/gcc/arm-none-eabi/10.3.1/../../../../arm-none-eabi/lib/thumb/v8-m.main+fp/hard\libg_nano.a(lib_a-lock.o)
                0x200002a0                __lock___malloc_recursive_mutex
 *fill*         0x200002a1        0x3 
 .bss.errno     0x200002a4        0x4 c:/renesas/ra/e2studio_v2022-04_fsp_v3.8.0/toolchains/gcc_arm/gcc-arm-none-eabi-10.3-2021.10/bin/../lib/gcc/arm-none-eabi/10.3.1/../../../../arm-none-eabi/lib/thumb/v8-m.main+fp/hard\libg_nano.a(lib_a-reent.o)
                0x200002a4                errno
 *(COMMON)
                0x200002a8                . = ALIGN (0x4)
                0x200002a8                __bss_end__ = .

.heap           0x200002a8     0x2000
                0x200002a8                . = ALIGN (0x8)
                0x200002a8                __HeapBase = .
 *(.heap)
 .heap          0x200002a8     0x2000 ./ra/fsp/src/bsp/cmsis/Device/RENESAS/Source/startup.o
                0x200022a8                __HeapLimit = .

.stack_dummy    0x200022a8     0x2000
                0x200022a8                . = ALIGN (0x8)
                0x200022a8                __StackLimit = .
 *(.stack)
 .stack         0x200022a8     0x2000 ./ra/fsp/src/bsp/cmsis/Device/RENESAS/Source/startup.o
                0x200042a8                __StackTop = .
 *(.stack*)
                0x200042a8                __StackTopAll = .
                0x200042a8                PROVIDE (__stack = __StackTopAll)
                0x200042a8                __RAM_segment_used_end__ = ALIGN (__StackTopAll, 0x4)
                0x20004400                __tz_RAM_C = DEFINED (RAM_NSC_START)?ABSOLUTE (RAM_NSC_START):__RESERVE_NS_RAM?ABSOLUTE (RAM_NS_BUFFER_BLOCK_START):ALIGN (__RAM_segment_used_end__, 0x400)
                0x20006000                __tz_RAM_N = DEFINED (RAM_NS_START)?ABSOLUTE (RAM_NS_START):__RESERVE_NS_RAM?ABSOLUTE (RAM_NS_BUFFER_BLOCK_START):ALIGN (__tz_RAM_C, 0x2000)

.ns_buffer      0x200042a8        0x0
                0x200042a8                . = __RESERVE_NS_RAM?ABSOLUTE ((RAM_NS_BUFFER_START & 0xffffffe0)):.
 *(.ns_buffer*)

.data_flash     0x08000000        0x0
                0x08000000                . = ORIGIN (DATA_FLASH)
                0x08000000                __tz_DATA_FLASH_S = .
                0x08000000                __Data_Flash_Start = .
 *(.data_flash*)
                0x08000000                __Data_Flash_End = .
                0x08000000                __tz_DATA_FLASH_N = DEFINED (DATA_FLASH_NS_START)?ABSOLUTE (DATA_FLASH_NS_START):__RESERVE_NS_RAM?ABSOLUTE ((DATA_FLASH_START + DATA_FLASH_LENGTH)):ALIGN (0x400)
                0x90000000                __tz_SDRAM_S = ORIGIN (SDRAM)

.sdram          0x90000000        0x0
                0x90000000                __SDRAM_Start = .
 *(.sdram*)
 *(.frame*)
                0x90000000                __SDRAM_End = .
                0x90000000                __tz_SDRAM_N = __SDRAM_End
                0x00000000                __tz_ID_CODE_S = ORIGIN (ID_CODE)

.id_code        0x00000000        0x0
                0x00000000                __ID_Code_Start = .
 *(.id_code*)
                0x00000000                __ID_Code_End = .
                0x00000000                __tz_ID_CODE_N = __ID_Code_End
                0x0100a100                __tz_OPTION_SETTING_S = ORIGIN (OPTION_SETTING)

.option_setting
                0x0100a100       0x38
                0x0100a100                __OPTION_SETTING_Start = .
 *(.option_setting_ofs0)
 .option_setting_ofs0
                0x0100a100        0x4 ./ra/fsp/src/bsp/mcu/all/bsp_rom_registers.o
                0x0100a110                . = PROJECT_SECURE_OR_FLAT?(__OPTION_SETTING_Start + 0x10):__OPTION_SETTING_Start
 *fill*         0x0100a104        0xc ff
 *(.option_setting_dualsel)
                0x0100a134                . = PROJECT_SECURE_OR_FLAT?(__OPTION_SETTING_Start + 0x34):__OPTION_SETTING_Start
 *fill*         0x0100a110       0x24 ff
 *(.option_setting_sas)
 .option_setting_sas
                0x0100a134        0x4 ./ra/fsp/src/bsp/mcu/all/bsp_rom_registers.o
                0x0100a138                __OPTION_SETTING_End = .
                0x0100a180                __tz_OPTION_SETTING_N = OPTION_SETTING_START_NS

.option_setting_ns
                0x0100a138        0x0
                0x0100a138                __OPTION_SETTING_NS_Start = .
 *(.option_setting_ofs1)
                0x0100a138                . = USE_OPTION_SETTING_NS?(__OPTION_SETTING_NS_Start + 0x10):__OPTION_SETTING_NS_Start
 *(.option_setting_banksel)
                0x0100a138                . = USE_OPTION_SETTING_NS?(__OPTION_SETTING_NS_Start + 0x40):__OPTION_SETTING_NS_Start
 *(.option_setting_bps0)
                0x0100a138                . = USE_OPTION_SETTING_NS?(__OPTION_SETTING_NS_Start + 0x44):__OPTION_SETTING_NS_Start
 *(.option_setting_bps1)
                0x0100a138                . = USE_OPTION_SETTING_NS?(__OPTION_SETTING_NS_Start + 0x48):__OPTION_SETTING_NS_Start
 *(.option_setting_bps2)
                0x0100a138                . = USE_OPTION_SETTING_NS?(__OPTION_SETTING_NS_Start + 0x60):__OPTION_SETTING_NS_Start
 *(.option_setting_pbps0)
                0x0100a138                . = USE_OPTION_SETTING_NS?(__OPTION_SETTING_NS_Start + 0x64):__OPTION_SETTING_NS_Start
 *(.option_setting_pbps1)
                0x0100a138                . = USE_OPTION_SETTING_NS?(__OPTION_SETTING_NS_Start + 0x68):__OPTION_SETTING_NS_Start
 *(.option_setting_pbps2)
                0x0100a138                __OPTION_SETTING_NS_End = .
                0x0100a200                __tz_OPTION_SETTING_S_S = ORIGIN (OPTION_SETTING_S)

.option_setting_s
                0x0100a200       0xcc
                0x0100a200                __OPTION_SETTING_S_Start = .
 *(.option_setting_ofs1_sec)
 .option_setting_ofs1_sec
                0x0100a200        0x4 ./ra/fsp/src/bsp/mcu/all/bsp_rom_registers.o
                0x0100a210                . = PROJECT_SECURE_OR_FLAT?(__OPTION_SETTING_S_Start + 0x10):__OPTION_SETTING_S_Start
 *fill*         0x0100a204        0xc ff
 *(.option_setting_banksel_sec)
 .option_setting_banksel_sec
                0x0100a210        0x4 ./ra/fsp/src/bsp/mcu/all/bsp_rom_registers.o
                0x0100a240                . = PROJECT_SECURE_OR_FLAT?(__OPTION_SETTING_S_Start + 0x40):__OPTION_SETTING_S_Start
 *fill*         0x0100a214       0x2c ff
 *(.option_setting_bps_sec0)
 .option_setting_bps_sec0
                0x0100a240        0x4 ./ra/fsp/src/bsp/mcu/all/bsp_rom_registers.o
                0x0100a244                . = PROJECT_SECURE_OR_FLAT?(__OPTION_SETTING_S_Start + 0x44):__OPTION_SETTING_S_Start
 *(.option_setting_bps_sec1)
 .option_setting_bps_sec1
                0x0100a244        0x4 ./ra/fsp/src/bsp/mcu/all/bsp_rom_registers.o
                0x0100a248                . = PROJECT_SECURE_OR_FLAT?(__OPTION_SETTING_S_Start + 0x48):__OPTION_SETTING_S_Start
 *(.option_setting_bps_sec2)
 .option_setting_bps_sec2
                0x0100a248        0x4 ./ra/fsp/src/bsp/mcu/all/bsp_rom_registers.o
                0x0100a260                . = PROJECT_SECURE_OR_FLAT?(__OPTION_SETTING_S_Start + 0x60):__OPTION_SETTING_S_Start
 *fill*         0x0100a24c       0x14 ff
 *(.option_setting_pbps_sec0)
 .option_setting_pbps_sec0
                0x0100a260        0x4 ./ra/fsp/src/bsp/mcu/all/bsp_rom_registers.o
                0x0100a264                . = PROJECT_SECURE_OR_FLAT?(__OPTION_SETTING_S_Start + 0x64):__OPTION_SETTING_S_Start
 *(.option_setting_pbps_sec1)
 .option_setting_pbps_sec1
                0x0100a264        0x4 ./ra/fsp/src/bsp/mcu/all/bsp_rom_registers.o
                0x0100a268                . = PROJECT_SECURE_OR_FLAT?(__OPTION_SETTING_S_Start + 0x68):__OPTION_SETTING_S_Start
 *(.option_setting_pbps_sec2)
 .option_setting_pbps_sec2
                0x0100a268        0x4 ./ra/fsp/src/bsp/mcu/all/bsp_rom_registers.o
                0x0100a280                . = PROJECT_SECURE_OR_FLAT?(__OPTION_SETTING_S_Start + 0x80):__OPTION_SETTING_S_Start
 *fill*         0x0100a26c       0x14 ff
 *(.option_setting_ofs1_sel)
 .option_setting_ofs1_sel
                0x0100a280        0x4 ./ra/fsp/src/bsp/mcu/all/bsp_rom_registers.o
                0x0100a290                . = PROJECT_SECURE_OR_FLAT?(__OPTION_SETTING_S_Start + 0x90):__OPTION_SETTING_S_Start
 *fill*         0x0100a284        0xc ff
 *(.option_setting_banksel_sel)
 .option_setting_banksel_sel
                0x0100a290        0x4 ./ra/fsp/src/bsp/mcu/all/bsp_rom_registers.o
                0x0100a2c0                . = PROJECT_SECURE_OR_FLAT?(__OPTION_SETTING_S_Start + 0xc0):__OPTION_SETTING_S_Start
 *fill*         0x0100a294       0x2c ff
 *(.option_setting_bps_sel0)
 .option_setting_bps_sel0
                0x0100a2c0        0x4 ./ra/fsp/src/bsp/mcu/all/bsp_rom_registers.o
                0x0100a2c4                . = PROJECT_SECURE_OR_FLAT?(__OPTION_SETTING_S_Start + 0xc4):__OPTION_SETTING_S_Start
 *(.option_setting_bps_sel1)
 .option_setting_bps_sel1
                0x0100a2c4        0x4 ./ra/fsp/src/bsp/mcu/all/bsp_rom_registers.o
                0x0100a2c8                . = PROJECT_SECURE_OR_FLAT?(__OPTION_SETTING_S_Start + 0xc8):__OPTION_SETTING_S_Start
 *(.option_setting_bps_sel2)
 .option_setting_bps_sel2
                0x0100a2c8        0x4 ./ra/fsp/src/bsp/mcu/all/bsp_rom_registers.o
                0x0100a2cc                __OPTION_SETTING_S_End = .
                0x0100a2cc                __tz_OPTION_SETTING_S_N = __OPTION_SETTING_S_End
OUTPUT(pmu-v2.elf elf32-littlearm)
LOAD linker stubs

.rel.dyn        0x0100a2cc        0x0
 .rel.iplt      0x0100a2cc        0x0 c:/renesas/ra/e2studio_v2022-04_fsp_v3.8.0/toolchains/gcc_arm/gcc-arm-none-eabi-10.3-2021.10/bin/../lib/gcc/arm-none-eabi/10.3.1/thumb/v8-m.main+fp/hard/crtbegin.o

.ARM.attributes
                0x00000000       0x36
 .ARM.attributes
                0x00000000       0x22 c:/renesas/ra/e2studio_v2022-04_fsp_v3.8.0/toolchains/gcc_arm/gcc-arm-none-eabi-10.3-2021.10/bin/../lib/gcc/arm-none-eabi/10.3.1/thumb/v8-m.main+fp/hard/crti.o
 .ARM.attributes
                0x00000022       0x38 c:/renesas/ra/e2studio_v2022-04_fsp_v3.8.0/toolchains/gcc_arm/gcc-arm-none-eabi-10.3-2021.10/bin/../lib/gcc/arm-none-eabi/10.3.1/thumb/v8-m.main+fp/hard/crtbegin.o
 .ARM.attributes
                0x0000005a       0x3a ./src/porting/src/renesas/sm_gpio.o
 .ARM.attributes
                0x00000094       0x3a ./src/hal_entry.o
 .ARM.attributes
                0x000000ce       0x3a ./selex-fdk/sm_hal/src/sm_hal_io.o
 .ARM.attributes
                0x00000108       0x3a ./ra_gen/common_data.o
 .ARM.attributes
                0x00000142       0x3a ./ra_gen/main.o
 .ARM.attributes
                0x0000017c       0x3a ./ra_gen/pin_data.o
 .ARM.attributes
                0x000001b6       0x3a ./ra_gen/vector_data.o
 .ARM.attributes
                0x000001f0       0x3a ./ra/fsp/src/r_sci_uart/r_sci_uart.o
 .ARM.attributes
                0x0000022a       0x3a ./ra/fsp/src/r_ioport/r_ioport.o
 .ARM.attributes
                0x00000264       0x3a ./ra/fsp/src/r_flash_hp/r_flash_hp.o
 .ARM.attributes
                0x0000029e       0x3a ./ra/fsp/src/r_can/r_can.o
 .ARM.attributes
                0x000002d8       0x3a ./ra/fsp/src/r_agt/r_agt.o
 .ARM.attributes
                0x00000312       0x3a ./ra/fsp/src/bsp/mcu/all/bsp_clocks.o
 .ARM.attributes
                0x0000034c       0x3a ./ra/fsp/src/bsp/mcu/all/bsp_common.o
 .ARM.attributes
                0x00000386       0x3a ./ra/fsp/src/bsp/mcu/all/bsp_delay.o
 .ARM.attributes
                0x000003c0       0x3a ./ra/fsp/src/bsp/mcu/all/bsp_group_irq.o
 .ARM.attributes
                0x000003fa       0x3a ./ra/fsp/src/bsp/mcu/all/bsp_io.o
 .ARM.attributes
                0x00000434       0x3a ./ra/fsp/src/bsp/mcu/all/bsp_irq.o
 .ARM.attributes
                0x0000046e       0x3a ./ra/fsp/src/bsp/mcu/all/bsp_register_protection.o
 .ARM.attributes
                0x000004a8       0x3a ./ra/fsp/src/bsp/mcu/all/bsp_rom_registers.o
 .ARM.attributes
                0x000004e2       0x3a ./ra/fsp/src/bsp/mcu/all/bsp_sbrk.o
 .ARM.attributes
                0x0000051c       0x3a ./ra/fsp/src/bsp/cmsis/Device/RENESAS/Source/startup.o
 .ARM.attributes
                0x00000556       0x3a ./ra/fsp/src/bsp/cmsis/Device/RENESAS/Source/system.o
 .ARM.attributes
                0x00000590       0x38 c:/renesas/ra/e2studio_v2022-04_fsp_v3.8.0/toolchains/gcc_arm/gcc-arm-none-eabi-10.3-2021.10/bin/../lib/gcc/arm-none-eabi/10.3.1/../../../../arm-none-eabi/lib/thumb/v8-m.main+fp/hard\libg_nano.a(lib_a-errno.o)
 .ARM.attributes
                0x000005c8       0x38 c:/renesas/ra/e2studio_v2022-04_fsp_v3.8.0/toolchains/gcc_arm/gcc-arm-none-eabi-10.3-2021.10/bin/../lib/gcc/arm-none-eabi/10.3.1/../../../../arm-none-eabi/lib/thumb/v8-m.main+fp/hard\libg_nano.a(lib_a-impure.o)
 .ARM.attributes
                0x00000600       0x38 c:/renesas/ra/e2studio_v2022-04_fsp_v3.8.0/toolchains/gcc_arm/gcc-arm-none-eabi-10.3-2021.10/bin/../lib/gcc/arm-none-eabi/10.3.1/../../../../arm-none-eabi/lib/thumb/v8-m.main+fp/hard\libg_nano.a(lib_a-malloc.o)
 .ARM.attributes
                0x00000638       0x38 c:/renesas/ra/e2studio_v2022-04_fsp_v3.8.0/toolchains/gcc_arm/gcc-arm-none-eabi-10.3-2021.10/bin/../lib/gcc/arm-none-eabi/10.3.1/../../../../arm-none-eabi/lib/thumb/v8-m.main+fp/hard\libg_nano.a(lib_a-memcpy-stub.o)
 .ARM.attributes
                0x00000670       0x38 c:/renesas/ra/e2studio_v2022-04_fsp_v3.8.0/toolchains/gcc_arm/gcc-arm-none-eabi-10.3-2021.10/bin/../lib/gcc/arm-none-eabi/10.3.1/../../../../arm-none-eabi/lib/thumb/v8-m.main+fp/hard\libg_nano.a(lib_a-memset.o)
 .ARM.attributes
                0x000006a8       0x38 c:/renesas/ra/e2studio_v2022-04_fsp_v3.8.0/toolchains/gcc_arm/gcc-arm-none-eabi-10.3-2021.10/bin/../lib/gcc/arm-none-eabi/10.3.1/../../../../arm-none-eabi/lib/thumb/v8-m.main+fp/hard\libg_nano.a(lib_a-nano-mallocr.o)
 .ARM.attributes
                0x000006e0       0x38 c:/renesas/ra/e2studio_v2022-04_fsp_v3.8.0/toolchains/gcc_arm/gcc-arm-none-eabi-10.3-2021.10/bin/../lib/gcc/arm-none-eabi/10.3.1/../../../../arm-none-eabi/lib/thumb/v8-m.main+fp/hard\libg_nano.a(lib_a-sbrkr.o)
 .ARM.attributes
                0x00000718       0x38 c:/renesas/ra/e2studio_v2022-04_fsp_v3.8.0/toolchains/gcc_arm/gcc-arm-none-eabi-10.3-2021.10/bin/../lib/gcc/arm-none-eabi/10.3.1/../../../../arm-none-eabi/lib/thumb/v8-m.main+fp/hard\libg_nano.a(lib_a-findfp.o)
 .ARM.attributes
                0x00000750       0x38 c:/renesas/ra/e2studio_v2022-04_fsp_v3.8.0/toolchains/gcc_arm/gcc-arm-none-eabi-10.3-2021.10/bin/../lib/gcc/arm-none-eabi/10.3.1/../../../../arm-none-eabi/lib/thumb/v8-m.main+fp/hard\libg_nano.a(lib_a-lock.o)
 .ARM.attributes
                0x00000788       0x38 c:/renesas/ra/e2studio_v2022-04_fsp_v3.8.0/toolchains/gcc_arm/gcc-arm-none-eabi-10.3-2021.10/bin/../lib/gcc/arm-none-eabi/10.3.1/../../../../arm-none-eabi/lib/thumb/v8-m.main+fp/hard\libg_nano.a(lib_a-mlock.o)
 .ARM.attributes
                0x000007c0       0x38 c:/renesas/ra/e2studio_v2022-04_fsp_v3.8.0/toolchains/gcc_arm/gcc-arm-none-eabi-10.3-2021.10/bin/../lib/gcc/arm-none-eabi/10.3.1/../../../../arm-none-eabi/lib/thumb/v8-m.main+fp/hard\libg_nano.a(lib_a-reent.o)
 .ARM.attributes
                0x000007f8       0x38 c:/renesas/ra/e2studio_v2022-04_fsp_v3.8.0/toolchains/gcc_arm/gcc-arm-none-eabi-10.3-2021.10/bin/../lib/gcc/arm-none-eabi/10.3.1/thumb/v8-m.main+fp/hard/crtend.o
 .ARM.attributes
                0x00000830       0x22 c:/renesas/ra/e2studio_v2022-04_fsp_v3.8.0/toolchains/gcc_arm/gcc-arm-none-eabi-10.3-2021.10/bin/../lib/gcc/arm-none-eabi/10.3.1/thumb/v8-m.main+fp/hard/crtn.o

.comment        0x00000000       0x49
 .comment       0x00000000       0x49 ./src/porting/src/renesas/sm_gpio.o
                                 0x4a (size before relaxing)
 .comment       0x00000049       0x4a ./src/hal_entry.o
 .comment       0x00000049       0x4a ./selex-fdk/sm_hal/src/sm_hal_io.o
 .comment       0x00000049       0x4a ./ra_gen/common_data.o
 .comment       0x00000049       0x4a ./ra_gen/main.o
 .comment       0x00000049       0x4a ./ra_gen/pin_data.o
 .comment       0x00000049       0x4a ./ra_gen/vector_data.o
 .comment       0x00000049       0x4a ./ra/fsp/src/r_sci_uart/r_sci_uart.o
 .comment       0x00000049       0x4a ./ra/fsp/src/r_ioport/r_ioport.o
 .comment       0x00000049       0x4a ./ra/fsp/src/r_flash_hp/r_flash_hp.o
 .comment       0x00000049       0x4a ./ra/fsp/src/r_can/r_can.o
 .comment       0x00000049       0x4a ./ra/fsp/src/r_agt/r_agt.o
 .comment       0x00000049       0x4a ./ra/fsp/src/bsp/mcu/all/bsp_clocks.o
 .comment       0x00000049       0x4a ./ra/fsp/src/bsp/mcu/all/bsp_common.o
 .comment       0x00000049       0x4a ./ra/fsp/src/bsp/mcu/all/bsp_delay.o
 .comment       0x00000049       0x4a ./ra/fsp/src/bsp/mcu/all/bsp_group_irq.o
 .comment       0x00000049       0x4a ./ra/fsp/src/bsp/mcu/all/bsp_io.o
 .comment       0x00000049       0x4a ./ra/fsp/src/bsp/mcu/all/bsp_irq.o
 .comment       0x00000049       0x4a ./ra/fsp/src/bsp/mcu/all/bsp_register_protection.o
 .comment       0x00000049       0x4a ./ra/fsp/src/bsp/mcu/all/bsp_rom_registers.o
 .comment       0x00000049       0x4a ./ra/fsp/src/bsp/mcu/all/bsp_sbrk.o
 .comment       0x00000049       0x4a ./ra/fsp/src/bsp/cmsis/Device/RENESAS/Source/startup.o
 .comment       0x00000049       0x4a ./ra/fsp/src/bsp/cmsis/Device/RENESAS/Source/system.o

.debug_info     0x00000000    0x3552d
 .debug_info    0x00000000     0x14f5 ./src/porting/src/renesas/sm_gpio.o
 .debug_info    0x000014f5     0x14dc ./src/hal_entry.o
 .debug_info    0x000029d1      0x3e0 ./selex-fdk/sm_hal/src/sm_hal_io.o
 .debug_info    0x00002db1     0x1244 ./ra_gen/common_data.o
 .debug_info    0x00003ff5       0xb1 ./ra_gen/main.o
 .debug_info    0x000040a6      0x9e1 ./ra_gen/pin_data.o
 .debug_info    0x00004a87      0x666 ./ra_gen/vector_data.o
 .debug_info    0x000050ed     0x9852 ./ra/fsp/src/r_sci_uart/r_sci_uart.o
 .debug_info    0x0000e93f     0x69d4 ./ra/fsp/src/r_ioport/r_ioport.o
 .debug_info    0x00015313     0x7ba1 ./ra/fsp/src/r_flash_hp/r_flash_hp.o
 .debug_info    0x0001ceb4     0x4fd0 ./ra/fsp/src/r_can/r_can.o
 .debug_info    0x00021e84     0x6df3 ./ra/fsp/src/r_agt/r_agt.o
 .debug_info    0x00028c77     0x469b ./ra/fsp/src/bsp/mcu/all/bsp_clocks.o
 .debug_info    0x0002d312      0x906 ./ra/fsp/src/bsp/mcu/all/bsp_common.o
 .debug_info    0x0002dc18      0x1d8 ./ra/fsp/src/bsp/mcu/all/bsp_delay.o
 .debug_info    0x0002ddf0     0x1385 ./ra/fsp/src/bsp/mcu/all/bsp_group_irq.o
 .debug_info    0x0002f175       0xaa ./ra/fsp/src/bsp/mcu/all/bsp_io.o
 .debug_info    0x0002f21f     0x1b22 ./ra/fsp/src/bsp/mcu/all/bsp_irq.o
 .debug_info    0x00030d41     0x3ac8 ./ra/fsp/src/bsp/mcu/all/bsp_register_protection.o
 .debug_info    0x00034809      0x19d ./ra/fsp/src/bsp/mcu/all/bsp_rom_registers.o
 .debug_info    0x000349a6      0x142 ./ra/fsp/src/bsp/mcu/all/bsp_sbrk.o
 .debug_info    0x00034ae8      0x15b ./ra/fsp/src/bsp/cmsis/Device/RENESAS/Source/startup.o
 .debug_info    0x00034c43      0x8ea ./ra/fsp/src/bsp/cmsis/Device/RENESAS/Source/system.o

.debug_abbrev   0x00000000     0x344e
 .debug_abbrev  0x00000000      0x1c5 ./src/porting/src/renesas/sm_gpio.o
 .debug_abbrev  0x000001c5      0x1dd ./src/hal_entry.o
 .debug_abbrev  0x000003a2      0x15b ./selex-fdk/sm_hal/src/sm_hal_io.o
 .debug_abbrev  0x000004fd      0x150 ./ra_gen/common_data.o
 .debug_abbrev  0x0000064d       0x66 ./ra_gen/main.o
 .debug_abbrev  0x000006b3       0xdc ./ra_gen/pin_data.o
 .debug_abbrev  0x0000078f       0xa7 ./ra_gen/vector_data.o
 .debug_abbrev  0x00000836      0x5bd ./ra/fsp/src/r_sci_uart/r_sci_uart.o
 .debug_abbrev  0x00000df3      0x428 ./ra/fsp/src/r_ioport/r_ioport.o
 .debug_abbrev  0x0000121b      0x5a8 ./ra/fsp/src/r_flash_hp/r_flash_hp.o
 .debug_abbrev  0x000017c3      0x589 ./ra/fsp/src/r_can/r_can.o
 .debug_abbrev  0x00001d4c      0x522 ./ra/fsp/src/r_agt/r_agt.o
 .debug_abbrev  0x0000226e      0x355 ./ra/fsp/src/bsp/mcu/all/bsp_clocks.o
 .debug_abbrev  0x000025c3      0x188 ./ra/fsp/src/bsp/mcu/all/bsp_common.o
 .debug_abbrev  0x0000274b      0x111 ./ra/fsp/src/bsp/mcu/all/bsp_delay.o
 .debug_abbrev  0x0000285c      0x254 ./ra/fsp/src/bsp/mcu/all/bsp_group_irq.o
 .debug_abbrev  0x00002ab0       0x5e ./ra/fsp/src/bsp/mcu/all/bsp_io.o
 .debug_abbrev  0x00002b0e      0x251 ./ra/fsp/src/bsp/mcu/all/bsp_irq.o
 .debug_abbrev  0x00002d5f      0x277 ./ra/fsp/src/bsp/mcu/all/bsp_register_protection.o
 .debug_abbrev  0x00002fd6       0x4d ./ra/fsp/src/bsp/mcu/all/bsp_rom_registers.o
 .debug_abbrev  0x00003023       0xcc ./ra/fsp/src/bsp/mcu/all/bsp_sbrk.o
 .debug_abbrev  0x000030ef       0xe6 ./ra/fsp/src/bsp/cmsis/Device/RENESAS/Source/startup.o
 .debug_abbrev  0x000031d5      0x279 ./ra/fsp/src/bsp/cmsis/Device/RENESAS/Source/system.o

.debug_loc      0x00000000     0x6bb8
 .debug_loc     0x00000000      0x151 ./src/porting/src/renesas/sm_gpio.o
 .debug_loc     0x00000151       0x47 ./src/hal_entry.o
 .debug_loc     0x00000198      0x19b ./selex-fdk/sm_hal/src/sm_hal_io.o
 .debug_loc     0x00000333     0x14e6 ./ra/fsp/src/r_sci_uart/r_sci_uart.o
 .debug_loc     0x00001819      0xdfe ./ra/fsp/src/r_ioport/r_ioport.o
 .debug_loc     0x00002617     0x1bfd ./ra/fsp/src/r_flash_hp/r_flash_hp.o
 .debug_loc     0x00004214     0x12de ./ra/fsp/src/r_can/r_can.o
 .debug_loc     0x000054f2      0xe88 ./ra/fsp/src/r_agt/r_agt.o
 .debug_loc     0x0000637a      0x216 ./ra/fsp/src/bsp/mcu/all/bsp_clocks.o
 .debug_loc     0x00006590       0x22 ./ra/fsp/src/bsp/mcu/all/bsp_common.o
 .debug_loc     0x000065b2      0x178 ./ra/fsp/src/bsp/mcu/all/bsp_delay.o
 .debug_loc     0x0000672a       0xaa ./ra/fsp/src/bsp/mcu/all/bsp_group_irq.o
 .debug_loc     0x000067d4      0x121 ./ra/fsp/src/bsp/mcu/all/bsp_irq.o
 .debug_loc     0x000068f5      0x105 ./ra/fsp/src/bsp/mcu/all/bsp_register_protection.o
 .debug_loc     0x000069fa      0x11a ./ra/fsp/src/bsp/mcu/all/bsp_sbrk.o
 .debug_loc     0x00006b14       0xa4 ./ra/fsp/src/bsp/cmsis/Device/RENESAS/Source/system.o

.debug_aranges  0x00000000      0x5c8
 .debug_aranges
                0x00000000       0x38 ./src/porting/src/renesas/sm_gpio.o
 .debug_aranges
                0x00000038       0x28 ./src/hal_entry.o
 .debug_aranges
                0x00000060       0x48 ./selex-fdk/sm_hal/src/sm_hal_io.o
 .debug_aranges
                0x000000a8       0x20 ./ra_gen/common_data.o
 .debug_aranges
                0x000000c8       0x20 ./ra_gen/main.o
 .debug_aranges
                0x000000e8       0x18 ./ra_gen/pin_data.o
 .debug_aranges
                0x00000100       0x18 ./ra_gen/vector_data.o
 .debug_aranges
                0x00000118       0x90 ./ra/fsp/src/r_sci_uart/r_sci_uart.o
 .debug_aranges
                0x000001a8       0x98 ./ra/fsp/src/r_ioport/r_ioport.o
 .debug_aranges
                0x00000240       0xc8 ./ra/fsp/src/r_flash_hp/r_flash_hp.o
 .debug_aranges
                0x00000308       0x80 ./ra/fsp/src/r_can/r_can.o
 .debug_aranges
                0x00000388       0x80 ./ra/fsp/src/r_agt/r_agt.o
 .debug_aranges
                0x00000408       0x58 ./ra/fsp/src/bsp/mcu/all/bsp_clocks.o
 .debug_aranges
                0x00000460       0x30 ./ra/fsp/src/bsp/mcu/all/bsp_common.o
 .debug_aranges
                0x00000490       0x28 ./ra/fsp/src/bsp/mcu/all/bsp_delay.o
 .debug_aranges
                0x000004b8       0x28 ./ra/fsp/src/bsp/mcu/all/bsp_group_irq.o
 .debug_aranges
                0x000004e0       0x18 ./ra/fsp/src/bsp/mcu/all/bsp_io.o
 .debug_aranges
                0x000004f8       0x20 ./ra/fsp/src/bsp/mcu/all/bsp_irq.o
 .debug_aranges
                0x00000518       0x28 ./ra/fsp/src/bsp/mcu/all/bsp_register_protection.o
 .debug_aranges
                0x00000540       0x18 ./ra/fsp/src/bsp/mcu/all/bsp_rom_registers.o
 .debug_aranges
                0x00000558       0x20 ./ra/fsp/src/bsp/mcu/all/bsp_sbrk.o
 .debug_aranges
                0x00000578       0x28 ./ra/fsp/src/bsp/cmsis/Device/RENESAS/Source/startup.o
 .debug_aranges
                0x000005a0       0x28 ./ra/fsp/src/bsp/cmsis/Device/RENESAS/Source/system.o

.debug_ranges   0x00000000     0x1a50
 .debug_ranges  0x00000000       0x28 ./src/porting/src/renesas/sm_gpio.o
 .debug_ranges  0x00000028       0x18 ./src/hal_entry.o
 .debug_ranges  0x00000040       0x38 ./selex-fdk/sm_hal/src/sm_hal_io.o
 .debug_ranges  0x00000078       0x10 ./ra_gen/common_data.o
 .debug_ranges  0x00000088       0x10 ./ra_gen/main.o
 .debug_ranges  0x00000098      0x6f0 ./ra/fsp/src/r_sci_uart/r_sci_uart.o
 .debug_ranges  0x00000788      0x160 ./ra/fsp/src/r_ioport/r_ioport.o
 .debug_ranges  0x000008e8      0x608 ./ra/fsp/src/r_flash_hp/r_flash_hp.o
 .debug_ranges  0x00000ef0      0x5d0 ./ra/fsp/src/r_can/r_can.o
 .debug_ranges  0x000014c0      0x2d0 ./ra/fsp/src/r_agt/r_agt.o
 .debug_ranges  0x00001790      0x140 ./ra/fsp/src/bsp/mcu/all/bsp_clocks.o
 .debug_ranges  0x000018d0       0x20 ./ra/fsp/src/bsp/mcu/all/bsp_common.o
 .debug_ranges  0x000018f0       0x18 ./ra/fsp/src/bsp/mcu/all/bsp_delay.o
 .debug_ranges  0x00001908       0x58 ./ra/fsp/src/bsp/mcu/all/bsp_group_irq.o
 .debug_ranges  0x00001960       0x68 ./ra/fsp/src/bsp/mcu/all/bsp_irq.o
 .debug_ranges  0x000019c8       0x48 ./ra/fsp/src/bsp/mcu/all/bsp_register_protection.o
 .debug_ranges  0x00001a10       0x10 ./ra/fsp/src/bsp/mcu/all/bsp_sbrk.o
 .debug_ranges  0x00001a20       0x18 ./ra/fsp/src/bsp/cmsis/Device/RENESAS/Source/startup.o
 .debug_ranges  0x00001a38       0x18 ./ra/fsp/src/bsp/cmsis/Device/RENESAS/Source/system.o

.debug_line     0x00000000     0x8955
 .debug_line    0x00000000      0x2ef ./src/porting/src/renesas/sm_gpio.o
 .debug_line    0x000002ef      0x35a ./src/hal_entry.o
 .debug_line    0x00000649      0x2de ./selex-fdk/sm_hal/src/sm_hal_io.o
 .debug_line    0x00000927      0x268 ./ra_gen/common_data.o
 .debug_line    0x00000b8f       0x5e ./ra_gen/main.o
 .debug_line    0x00000bed      0x1ac ./ra_gen/pin_data.o
 .debug_line    0x00000d99       0xad ./ra_gen/vector_data.o
 .debug_line    0x00000e46     0x15cf ./ra/fsp/src/r_sci_uart/r_sci_uart.o
 .debug_line    0x00002415      0xb45 ./ra/fsp/src/r_ioport/r_ioport.o
 .debug_line    0x00002f5a     0x17f6 ./ra/fsp/src/r_flash_hp/r_flash_hp.o
 .debug_line    0x00004750     0x13b7 ./ra/fsp/src/r_can/r_can.o
 .debug_line    0x00005b07      0xceb ./ra/fsp/src/r_agt/r_agt.o
 .debug_line    0x000067f2      0x72c ./ra/fsp/src/bsp/mcu/all/bsp_clocks.o
 .debug_line    0x00006f1e      0x29b ./ra/fsp/src/bsp/mcu/all/bsp_common.o
 .debug_line    0x000071b9      0x298 ./ra/fsp/src/bsp/mcu/all/bsp_delay.o
 .debug_line    0x00007451      0x2c7 ./ra/fsp/src/bsp/mcu/all/bsp_group_irq.o
 .debug_line    0x00007718      0x189 ./ra/fsp/src/bsp/mcu/all/bsp_io.o
 .debug_line    0x000078a1      0x3d1 ./ra/fsp/src/bsp/mcu/all/bsp_irq.o
 .debug_line    0x00007c72      0x376 ./ra/fsp/src/bsp/mcu/all/bsp_register_protection.o
 .debug_line    0x00007fe8      0x161 ./ra/fsp/src/bsp/mcu/all/bsp_rom_registers.o
 .debug_line    0x00008149      0x1f2 ./ra/fsp/src/bsp/mcu/all/bsp_sbrk.o
 .debug_line    0x0000833b      0x20d ./ra/fsp/src/bsp/cmsis/Device/RENESAS/Source/startup.o
 .debug_line    0x00008548      0x40d ./ra/fsp/src/bsp/cmsis/Device/RENESAS/Source/system.o

.debug_str      0x00000000     0xc43e
 .debug_str     0x00000000     0x3236 ./src/porting/src/renesas/sm_gpio.o
                               0x3304 (size before relaxing)
 .debug_str     0x00003236      0x18f ./src/hal_entry.o
                               0x33f5 (size before relaxing)
 .debug_str     0x000033c5       0x7c ./selex-fdk/sm_hal/src/sm_hal_io.o
                                0x2fa (size before relaxing)
 .debug_str     0x00003441       0x47 ./ra_gen/common_data.o
                               0x322a (size before relaxing)
 .debug_str     0x00003488       0x16 ./ra_gen/main.o
                                0x199 (size before relaxing)
 .debug_str     0x0000349e      0x5d6 ./ra_gen/pin_data.o
                               0x1ca9 (size before relaxing)
 .debug_str     0x00003a74     0x149e ./ra_gen/vector_data.o
                               0x1611 (size before relaxing)
 .debug_str     0x00004f12     0x337b ./ra/fsp/src/r_sci_uart/r_sci_uart.o
                               0x63cb (size before relaxing)
 .debug_str     0x0000828d      0x881 ./ra/fsp/src/r_ioport/r_ioport.o
                               0x54bd (size before relaxing)
 .debug_str     0x00008b0e      0xe26 ./ra/fsp/src/r_flash_hp/r_flash_hp.o
                               0x4480 (size before relaxing)
 .debug_str     0x00009934      0xf88 ./ra/fsp/src/r_can/r_can.o
                               0x33b3 (size before relaxing)
 .debug_str     0x0000a8bc      0xac3 ./ra/fsp/src/r_agt/r_agt.o
                               0x446b (size before relaxing)
 .debug_str     0x0000b37f      0x56e ./ra/fsp/src/bsp/mcu/all/bsp_clocks.o
                               0x1f1a (size before relaxing)
 .debug_str     0x0000b8ed      0x10b ./ra/fsp/src/bsp/mcu/all/bsp_common.o
                               0x1a3c (size before relaxing)
 .debug_str     0x0000b9f8       0xbc ./ra/fsp/src/bsp/mcu/all/bsp_delay.o
                                0x2c2 (size before relaxing)
 .debug_str     0x0000bab4      0x1de ./ra/fsp/src/bsp/mcu/all/bsp_group_irq.o
                               0x1f47 (size before relaxing)
 .debug_str     0x0000bc92       0x23 ./ra/fsp/src/bsp/mcu/all/bsp_io.o
                                0x1c2 (size before relaxing)
 .debug_str     0x0000bcb5      0x2d9 ./ra/fsp/src/bsp/mcu/all/bsp_irq.o
                               0x1e2b (size before relaxing)
 .debug_str     0x0000bf8e       0x88 ./ra/fsp/src/bsp/mcu/all/bsp_register_protection.o
                               0x18c4 (size before relaxing)
 .debug_str     0x0000c016      0x14b ./ra/fsp/src/bsp/mcu/all/bsp_rom_registers.o
                                0x2d2 (size before relaxing)
 .debug_str     0x0000c161       0x96 ./ra/fsp/src/bsp/mcu/all/bsp_sbrk.o
                                0x223 (size before relaxing)
 .debug_str     0x0000c1f7       0x89 ./ra/fsp/src/bsp/cmsis/Device/RENESAS/Source/startup.o
                                0x213 (size before relaxing)
 .debug_str     0x0000c280      0x1be ./ra/fsp/src/bsp/cmsis/Device/RENESAS/Source/system.o
                                0x5fb (size before relaxing)

.debug_frame    0x00000000     0x108c
 .debug_frame   0x00000000       0x5c ./src/porting/src/renesas/sm_gpio.o
 .debug_frame   0x0000005c       0x3c ./src/hal_entry.o
 .debug_frame   0x00000098       0x88 ./selex-fdk/sm_hal/src/sm_hal_io.o
 .debug_frame   0x00000120       0x20 ./ra_gen/common_data.o
 .debug_frame   0x00000140       0x28 ./ra_gen/main.o
 .debug_frame   0x00000168      0x1d4 ./ra/fsp/src/r_sci_uart/r_sci_uart.o
 .debug_frame   0x0000033c      0x18c ./ra/fsp/src/r_ioport/r_ioport.o
 .debug_frame   0x000004c8      0x2dc ./ra/fsp/src/r_flash_hp/r_flash_hp.o
 .debug_frame   0x000007a4      0x198 ./ra/fsp/src/r_can/r_can.o
 .debug_frame   0x0000093c      0x128 ./ra/fsp/src/r_agt/r_agt.o
 .debug_frame   0x00000a64       0xb4 ./ra/fsp/src/bsp/mcu/all/bsp_clocks.o
 .debug_frame   0x00000b18       0x40 ./ra/fsp/src/bsp/mcu/all/bsp_common.o
 .debug_frame   0x00000b58       0x44 ./ra/fsp/src/bsp/mcu/all/bsp_delay.o
 .debug_frame   0x00000b9c       0x3c ./ra/fsp/src/bsp/mcu/all/bsp_group_irq.o
 .debug_frame   0x00000bd8       0x30 ./ra/fsp/src/bsp/mcu/all/bsp_irq.o
 .debug_frame   0x00000c08       0x48 ./ra/fsp/src/bsp/mcu/all/bsp_register_protection.o
 .debug_frame   0x00000c50       0x28 ./ra/fsp/src/bsp/mcu/all/bsp_sbrk.o
 .debug_frame   0x00000c78       0x38 ./ra/fsp/src/bsp/cmsis/Device/RENESAS/Source/startup.o
 .debug_frame   0x00000cb0       0x44 ./ra/fsp/src/bsp/cmsis/Device/RENESAS/Source/system.o
 .debug_frame   0x00000cf4       0x20 c:/renesas/ra/e2studio_v2022-04_fsp_v3.8.0/toolchains/gcc_arm/gcc-arm-none-eabi-10.3-2021.10/bin/../lib/gcc/arm-none-eabi/10.3.1/../../../../arm-none-eabi/lib/thumb/v8-m.main+fp/hard\libg_nano.a(lib_a-errno.o)
 .debug_frame   0x00000d14       0x30 c:/renesas/ra/e2studio_v2022-04_fsp_v3.8.0/toolchains/gcc_arm/gcc-arm-none-eabi-10.3-2021.10/bin/../lib/gcc/arm-none-eabi/10.3.1/../../../../arm-none-eabi/lib/thumb/v8-m.main+fp/hard\libg_nano.a(lib_a-malloc.o)
 .debug_frame   0x00000d44       0x28 c:/renesas/ra/e2studio_v2022-04_fsp_v3.8.0/toolchains/gcc_arm/gcc-arm-none-eabi-10.3-2021.10/bin/../lib/gcc/arm-none-eabi/10.3.1/../../../../arm-none-eabi/lib/thumb/v8-m.main+fp/hard\libg_nano.a(lib_a-memcpy-stub.o)
 .debug_frame   0x00000d6c       0x20 c:/renesas/ra/e2studio_v2022-04_fsp_v3.8.0/toolchains/gcc_arm/gcc-arm-none-eabi-10.3-2021.10/bin/../lib/gcc/arm-none-eabi/10.3.1/../../../../arm-none-eabi/lib/thumb/v8-m.main+fp/hard\libg_nano.a(lib_a-memset.o)
 .debug_frame   0x00000d8c       0x4c c:/renesas/ra/e2studio_v2022-04_fsp_v3.8.0/toolchains/gcc_arm/gcc-arm-none-eabi-10.3-2021.10/bin/../lib/gcc/arm-none-eabi/10.3.1/../../../../arm-none-eabi/lib/thumb/v8-m.main+fp/hard\libg_nano.a(lib_a-nano-mallocr.o)
 .debug_frame   0x00000dd8       0x2c c:/renesas/ra/e2studio_v2022-04_fsp_v3.8.0/toolchains/gcc_arm/gcc-arm-none-eabi-10.3-2021.10/bin/../lib/gcc/arm-none-eabi/10.3.1/../../../../arm-none-eabi/lib/thumb/v8-m.main+fp/hard\libg_nano.a(lib_a-sbrkr.o)
 .debug_frame   0x00000e04      0x14c c:/renesas/ra/e2studio_v2022-04_fsp_v3.8.0/toolchains/gcc_arm/gcc-arm-none-eabi-10.3-2021.10/bin/../lib/gcc/arm-none-eabi/10.3.1/../../../../arm-none-eabi/lib/thumb/v8-m.main+fp/hard\libg_nano.a(lib_a-findfp.o)
 .debug_frame   0x00000f50       0xb0 c:/renesas/ra/e2studio_v2022-04_fsp_v3.8.0/toolchains/gcc_arm/gcc-arm-none-eabi-10.3-2021.10/bin/../lib/gcc/arm-none-eabi/10.3.1/../../../../arm-none-eabi/lib/thumb/v8-m.main+fp/hard\libg_nano.a(lib_a-lock.o)
 .debug_frame   0x00001000       0x30 c:/renesas/ra/e2studio_v2022-04_fsp_v3.8.0/toolchains/gcc_arm/gcc-arm-none-eabi-10.3-2021.10/bin/../lib/gcc/arm-none-eabi/10.3.1/../../../../arm-none-eabi/lib/thumb/v8-m.main+fp/hard\libg_nano.a(lib_a-mlock.o)
 .debug_frame   0x00001030       0x5c c:/renesas/ra/e2studio_v2022-04_fsp_v3.8.0/toolchains/gcc_arm/gcc-arm-none-eabi-10.3-2021.10/bin/../lib/gcc/arm-none-eabi/10.3.1/../../../../arm-none-eabi/lib/thumb/v8-m.main+fp/hard\libg_nano.a(lib_a-reent.o)
